Archive member included to satisfy reference by file (symbol)

C:/devkitPro/libgba/lib\libgba.a(input.o)
                              main.o (scanKeys)
C:/devkitPro/libgba/lib\libgba.a(interrupt.o)
                              main.o (irqInit)
C:/devkitPro/libgba/lib\libgba.a(InterruptDispatcher.o)
                              C:/devkitPro/libgba/lib\libgba.a(interrupt.o) (IntrMain)
C:/devkitPro/libgba/lib\libmm.a(mm_main.o)
                              main.o (mmFrame)
C:/devkitPro/libgba/lib\libmm.a(mm_mas.o)
                              C:/devkitPro/libgba/lib\libmm.a(mm_main.o) (mmLayerMain)
C:/devkitPro/libgba/lib\libmm.a(mm_init_default.o)
                              main.o (mmInitDefault)
C:/devkitPro/libgba/lib\libmm.a(mm_mixer_gba.o)
                              main.o (mmVBlank)
C:/devkitPro/libgba/lib\libmm.a(mm_mas_arm.o)
                              C:/devkitPro/libgba/lib\libmm.a(mm_mas.o) (mmAllocChannel)
C:/devkitPro/libgba/lib\libmm.a(mm_effect.o)
                              C:/devkitPro/libgba/lib\libmm.a(mm_main.o) (mmResetEffects)
c:/devkitpro/devkitarm/bin/../lib/gcc/arm-none-eabi/7.1.0/../../../../arm-none-eabi/lib/thumb\libm.a(lib_a-s_cos.o)
                              main.o (cos)
c:/devkitpro/devkitarm/bin/../lib/gcc/arm-none-eabi/7.1.0/../../../../arm-none-eabi/lib/thumb\libm.a(lib_a-s_round.o)
                              main.o (round)
c:/devkitpro/devkitarm/bin/../lib/gcc/arm-none-eabi/7.1.0/../../../../arm-none-eabi/lib/thumb\libm.a(lib_a-s_sin.o)
                              main.o (sin)
c:/devkitpro/devkitarm/bin/../lib/gcc/arm-none-eabi/7.1.0/../../../../arm-none-eabi/lib/thumb\libm.a(lib_a-e_rem_pio2.o)
                              c:/devkitpro/devkitarm/bin/../lib/gcc/arm-none-eabi/7.1.0/../../../../arm-none-eabi/lib/thumb\libm.a(lib_a-s_cos.o) (__ieee754_rem_pio2)
c:/devkitpro/devkitarm/bin/../lib/gcc/arm-none-eabi/7.1.0/../../../../arm-none-eabi/lib/thumb\libm.a(lib_a-k_cos.o)
                              c:/devkitpro/devkitarm/bin/../lib/gcc/arm-none-eabi/7.1.0/../../../../arm-none-eabi/lib/thumb\libm.a(lib_a-s_cos.o) (__kernel_cos)
c:/devkitpro/devkitarm/bin/../lib/gcc/arm-none-eabi/7.1.0/../../../../arm-none-eabi/lib/thumb\libm.a(lib_a-k_rem_pio2.o)
                              c:/devkitpro/devkitarm/bin/../lib/gcc/arm-none-eabi/7.1.0/../../../../arm-none-eabi/lib/thumb\libm.a(lib_a-e_rem_pio2.o) (__kernel_rem_pio2)
c:/devkitpro/devkitarm/bin/../lib/gcc/arm-none-eabi/7.1.0/../../../../arm-none-eabi/lib/thumb\libm.a(lib_a-k_sin.o)
                              c:/devkitpro/devkitarm/bin/../lib/gcc/arm-none-eabi/7.1.0/../../../../arm-none-eabi/lib/thumb\libm.a(lib_a-s_cos.o) (__kernel_sin)
c:/devkitpro/devkitarm/bin/../lib/gcc/arm-none-eabi/7.1.0/../../../../arm-none-eabi/lib/thumb\libm.a(lib_a-s_fabs.o)
                              c:/devkitpro/devkitarm/bin/../lib/gcc/arm-none-eabi/7.1.0/../../../../arm-none-eabi/lib/thumb\libm.a(lib_a-e_rem_pio2.o) (fabs)
c:/devkitpro/devkitarm/bin/../lib/gcc/arm-none-eabi/7.1.0/../../../../arm-none-eabi/lib/thumb\libm.a(lib_a-s_floor.o)
                              c:/devkitpro/devkitarm/bin/../lib/gcc/arm-none-eabi/7.1.0/../../../../arm-none-eabi/lib/thumb\libm.a(lib_a-k_rem_pio2.o) (floor)
c:/devkitpro/devkitarm/bin/../lib/gcc/arm-none-eabi/7.1.0/../../../../arm-none-eabi/lib/thumb\libm.a(lib_a-s_scalbn.o)
                              c:/devkitpro/devkitarm/bin/../lib/gcc/arm-none-eabi/7.1.0/../../../../arm-none-eabi/lib/thumb\libm.a(lib_a-k_rem_pio2.o) (scalbn)
c:/devkitpro/devkitarm/bin/../lib/gcc/arm-none-eabi/7.1.0/../../../../arm-none-eabi/lib/thumb\libm.a(lib_a-s_copysign.o)
                              c:/devkitpro/devkitarm/bin/../lib/gcc/arm-none-eabi/7.1.0/../../../../arm-none-eabi/lib/thumb\libm.a(lib_a-s_scalbn.o) (copysign)
c:/devkitpro/devkitarm/bin/../lib/gcc/arm-none-eabi/7.1.0/thumb\libgcc.a(_udivsi3.o)
                              main.o (__aeabi_uidiv)
c:/devkitpro/devkitarm/bin/../lib/gcc/arm-none-eabi/7.1.0/thumb\libgcc.a(_divsi3.o)
                              c:/devkitpro/devkitarm/bin/../lib/gcc/arm-none-eabi/7.1.0/../../../../arm-none-eabi/lib/thumb\libm.a(lib_a-k_rem_pio2.o) (__aeabi_idiv)
c:/devkitpro/devkitarm/bin/../lib/gcc/arm-none-eabi/7.1.0/thumb\libgcc.a(_dvmd_tls.o)
                              c:/devkitpro/devkitarm/bin/../lib/gcc/arm-none-eabi/7.1.0/thumb\libgcc.a(_udivsi3.o) (__aeabi_idiv0)
c:/devkitpro/devkitarm/bin/../lib/gcc/arm-none-eabi/7.1.0/thumb\libgcc.a(_call_via_rX.o)
                              C:/devkitPro/libgba/lib\libmm.a(mm_main.o) (_call_via_r1)
c:/devkitpro/devkitarm/bin/../lib/gcc/arm-none-eabi/7.1.0/thumb\libgcc.a(_arm_addsubdf3.o)
                              c:/devkitpro/devkitarm/bin/../lib/gcc/arm-none-eabi/7.1.0/../../../../arm-none-eabi/lib/thumb\libm.a(lib_a-s_cos.o) (__aeabi_dsub)
c:/devkitpro/devkitarm/bin/../lib/gcc/arm-none-eabi/7.1.0/thumb\libgcc.a(_arm_muldivdf3.o)
                              main.o (__aeabi_dmul)
c:/devkitpro/devkitarm/bin/../lib/gcc/arm-none-eabi/7.1.0/thumb\libgcc.a(_arm_cmpdf2.o)
                              c:/devkitpro/devkitarm/bin/../lib/gcc/arm-none-eabi/7.1.0/../../../../arm-none-eabi/lib/thumb\libm.a(lib_a-e_rem_pio2.o) (__aeabi_dcmpeq)
c:/devkitpro/devkitarm/bin/../lib/gcc/arm-none-eabi/7.1.0/thumb\libgcc.a(_arm_fixdfsi.o)
                              main.o (__aeabi_d2iz)
c:/devkitpro/devkitarm/bin/../lib/gcc/arm-none-eabi/7.1.0/thumb\libgcc.a(_arm_addsubsf3.o)
                              main.o (__aeabi_fsub)
c:/devkitpro/devkitarm/bin/../lib/gcc/arm-none-eabi/7.1.0/thumb\libgcc.a(_arm_muldivsf3.o)
                              main.o (__aeabi_fmul)
c:/devkitpro/devkitarm/bin/../lib/gcc/arm-none-eabi/7.1.0/thumb\libgcc.a(_arm_cmpsf2.o)
                              main.o (__aeabi_fcmplt)
c:/devkitpro/devkitarm/bin/../lib/gcc/arm-none-eabi/7.1.0/thumb\libgcc.a(_arm_fixsfsi.o)
                              main.o (__aeabi_f2iz)
c:/devkitpro/devkitarm/bin/../lib/gcc/arm-none-eabi/7.1.0/../../../../arm-none-eabi/lib/thumb\libg.a(lib_a-init.o)
                              c:/devkitpro/devkitarm/bin/../lib/gcc/arm-none-eabi/7.1.0/../../../../arm-none-eabi/lib/thumb/gba_crt0.o (__libc_init_array)
c:/devkitpro/devkitarm/bin/../lib/gcc/arm-none-eabi/7.1.0/../../../../arm-none-eabi/lib/thumb\libg.a(lib_a-malloc.o)
                              C:/devkitPro/libgba/lib\libmm.a(mm_init_default.o) (malloc)
c:/devkitpro/devkitarm/bin/../lib/gcc/arm-none-eabi/7.1.0/../../../../arm-none-eabi/lib/thumb\libg.a(lib_a-mallocr.o)
                              c:/devkitpro/devkitarm/bin/../lib/gcc/arm-none-eabi/7.1.0/../../../../arm-none-eabi/lib/thumb\libg.a(lib_a-malloc.o) (_malloc_r)
c:/devkitpro/devkitarm/bin/../lib/gcc/arm-none-eabi/7.1.0/../../../../arm-none-eabi/lib/thumb\libg.a(lib_a-memcpy-stub.o)
                              main.o (memcpy)
c:/devkitpro/devkitarm/bin/../lib/gcc/arm-none-eabi/7.1.0/../../../../arm-none-eabi/lib/thumb\libg.a(lib_a-memset.o)
                              main.o (memset)
c:/devkitpro/devkitarm/bin/../lib/gcc/arm-none-eabi/7.1.0/../../../../arm-none-eabi/lib/thumb\libg.a(lib_a-mlock.o)
                              c:/devkitpro/devkitarm/bin/../lib/gcc/arm-none-eabi/7.1.0/../../../../arm-none-eabi/lib/thumb\libg.a(lib_a-mallocr.o) (__malloc_lock)
c:/devkitpro/devkitarm/bin/../lib/gcc/arm-none-eabi/7.1.0/../../../../arm-none-eabi/lib/thumb\libg.a(lib_a-freer.o)
                              c:/devkitpro/devkitarm/bin/../lib/gcc/arm-none-eabi/7.1.0/../../../../arm-none-eabi/lib/thumb\libg.a(lib_a-malloc.o) (_free_r)
c:/devkitpro/devkitarm/bin/../lib/gcc/arm-none-eabi/7.1.0/../../../../arm-none-eabi/lib/thumb\libsysbase.a(sbrk.o)
                              c:/devkitpro/devkitarm/bin/../lib/gcc/arm-none-eabi/7.1.0/../../../../arm-none-eabi/lib/thumb\libg.a(lib_a-mallocr.o) (_sbrk_r)
c:/devkitpro/devkitarm/bin/../lib/gcc/arm-none-eabi/7.1.0/../../../../arm-none-eabi/lib/thumb\libsysbase.a(malloc_vars.o)
                              c:/devkitpro/devkitarm/bin/../lib/gcc/arm-none-eabi/7.1.0/../../../../arm-none-eabi/lib/thumb\libsysbase.a(sbrk.o) (fake_heap_start)
c:/devkitpro/devkitarm/bin/../lib/gcc/arm-none-eabi/7.1.0/../../../../arm-none-eabi/lib/thumb\libsysbase.a(syscall_support.o)
                              c:/devkitpro/devkitarm/bin/../lib/gcc/arm-none-eabi/7.1.0/../../../../arm-none-eabi/lib/thumb\libg.a(lib_a-mlock.o) (__libc_lock_acquire_recursive)
c:/devkitpro/devkitarm/bin/../lib/gcc/arm-none-eabi/7.1.0/../../../../arm-none-eabi/lib/thumb\libsysbase.a(getreent.o)
                              c:/devkitpro/devkitarm/bin/../lib/gcc/arm-none-eabi/7.1.0/../../../../arm-none-eabi/lib/thumb\libg.a(lib_a-malloc.o) (__getreent)
c:/devkitpro/devkitarm/bin/../lib/gcc/arm-none-eabi/7.1.0/../../../../arm-none-eabi/lib/thumb\libg.a(lib_a-impure.o)
                              c:/devkitpro/devkitarm/bin/../lib/gcc/arm-none-eabi/7.1.0/../../../../arm-none-eabi/lib/thumb\libsysbase.a(getreent.o) (_impure_ptr)

Allocating common symbols
Common symbol       size              file

IntrTable           0x78              C:/devkitPro/libgba/lib\libgba.a(interrupt.o)

Discarded input sections

 .text          0x00000000        0x0 c:/devkitpro/devkitarm/bin/../lib/gcc/arm-none-eabi/7.1.0/../../../../arm-none-eabi/lib/thumb/gba_crt0.o
 .data          0x00000000        0x0 c:/devkitpro/devkitarm/bin/../lib/gcc/arm-none-eabi/7.1.0/../../../../arm-none-eabi/lib/thumb/gba_crt0.o
 .bss           0x00000000        0x0 c:/devkitpro/devkitarm/bin/../lib/gcc/arm-none-eabi/7.1.0/../../../../arm-none-eabi/lib/thumb/gba_crt0.o
 .text          0x00000000        0x0 c:/devkitpro/devkitarm/bin/../lib/gcc/arm-none-eabi/7.1.0/thumb/crti.o
 .data          0x00000000        0x0 c:/devkitpro/devkitarm/bin/../lib/gcc/arm-none-eabi/7.1.0/thumb/crti.o
 .bss           0x00000000        0x0 c:/devkitpro/devkitarm/bin/../lib/gcc/arm-none-eabi/7.1.0/thumb/crti.o
 .text          0x00000000        0x0 c:/devkitpro/devkitarm/bin/../lib/gcc/arm-none-eabi/7.1.0/thumb/crtbegin.o
 .data          0x00000000        0x0 c:/devkitpro/devkitarm/bin/../lib/gcc/arm-none-eabi/7.1.0/thumb/crtbegin.o
 .bss           0x00000000        0x0 c:/devkitpro/devkitarm/bin/../lib/gcc/arm-none-eabi/7.1.0/thumb/crtbegin.o
 .data.__dso_handle
                0x00000000        0x4 c:/devkitpro/devkitarm/bin/../lib/gcc/arm-none-eabi/7.1.0/thumb/crtbegin.o
 .text          0x00000000        0x0 soundbank.o
 .data          0x00000000        0x0 soundbank.o
 .bss           0x00000000        0x0 soundbank.o
 .text          0x00000000        0x0 ObjCharData.o
 .data          0x00000000        0x0 ObjCharData.o
 .bss           0x00000000        0x0 ObjCharData.o
 .text          0x00000000        0x0 CharBase1Data.o
 .data          0x00000000        0x0 CharBase1Data.o
 .bss           0x00000000        0x0 CharBase1Data.o
 .data          0x00000000        0x0 assembly.o
 .bss           0x00000000        0x0 assembly.o
 .data          0x00000000        0x0 C:/devkitPro/libgba/lib\libgba.a(interrupt.o)
 .bss           0x00000000        0x0 C:/devkitPro/libgba/lib\libgba.a(interrupt.o)
 .text          0x00000000        0x0 C:/devkitPro/libgba/lib\libgba.a(InterruptDispatcher.o)
 .data          0x00000000        0x0 C:/devkitPro/libgba/lib\libgba.a(InterruptDispatcher.o)
 .bss           0x00000000        0x0 C:/devkitPro/libgba/lib\libgba.a(InterruptDispatcher.o)
 .data          0x00000000        0x0 C:/devkitPro/libgba/lib\libmm.a(mm_main.o)
 .data          0x00000000        0x0 C:/devkitPro/libgba/lib\libmm.a(mm_mas.o)
 .data          0x00000000        0x0 C:/devkitPro/libgba/lib\libmm.a(mm_init_default.o)
 .data          0x00000000        0x0 C:/devkitPro/libgba/lib\libmm.a(mm_mixer_gba.o)
 .text          0x00000000        0x0 C:/devkitPro/libgba/lib\libmm.a(mm_mas_arm.o)
 .data          0x00000000        0x0 C:/devkitPro/libgba/lib\libmm.a(mm_mas_arm.o)
 .bss           0x00000000        0x0 C:/devkitPro/libgba/lib\libmm.a(mm_mas_arm.o)
 .data          0x00000000        0x0 C:/devkitPro/libgba/lib\libmm.a(mm_effect.o)
 .text          0x00000000        0x0 c:/devkitpro/devkitarm/bin/../lib/gcc/arm-none-eabi/7.1.0/../../../../arm-none-eabi/lib/thumb\libm.a(lib_a-s_cos.o)
 .data          0x00000000        0x0 c:/devkitpro/devkitarm/bin/../lib/gcc/arm-none-eabi/7.1.0/../../../../arm-none-eabi/lib/thumb\libm.a(lib_a-s_cos.o)
 .bss           0x00000000        0x0 c:/devkitpro/devkitarm/bin/../lib/gcc/arm-none-eabi/7.1.0/../../../../arm-none-eabi/lib/thumb\libm.a(lib_a-s_cos.o)
 .text          0x00000000        0x0 c:/devkitpro/devkitarm/bin/../lib/gcc/arm-none-eabi/7.1.0/../../../../arm-none-eabi/lib/thumb\libm.a(lib_a-s_round.o)
 .data          0x00000000        0x0 c:/devkitpro/devkitarm/bin/../lib/gcc/arm-none-eabi/7.1.0/../../../../arm-none-eabi/lib/thumb\libm.a(lib_a-s_round.o)
 .bss           0x00000000        0x0 c:/devkitpro/devkitarm/bin/../lib/gcc/arm-none-eabi/7.1.0/../../../../arm-none-eabi/lib/thumb\libm.a(lib_a-s_round.o)
 .text          0x00000000        0x0 c:/devkitpro/devkitarm/bin/../lib/gcc/arm-none-eabi/7.1.0/../../../../arm-none-eabi/lib/thumb\libm.a(lib_a-s_sin.o)
 .data          0x00000000        0x0 c:/devkitpro/devkitarm/bin/../lib/gcc/arm-none-eabi/7.1.0/../../../../arm-none-eabi/lib/thumb\libm.a(lib_a-s_sin.o)
 .bss           0x00000000        0x0 c:/devkitpro/devkitarm/bin/../lib/gcc/arm-none-eabi/7.1.0/../../../../arm-none-eabi/lib/thumb\libm.a(lib_a-s_sin.o)
 .text          0x00000000        0x0 c:/devkitpro/devkitarm/bin/../lib/gcc/arm-none-eabi/7.1.0/../../../../arm-none-eabi/lib/thumb\libm.a(lib_a-e_rem_pio2.o)
 .data          0x00000000        0x0 c:/devkitpro/devkitarm/bin/../lib/gcc/arm-none-eabi/7.1.0/../../../../arm-none-eabi/lib/thumb\libm.a(lib_a-e_rem_pio2.o)
 .bss           0x00000000        0x0 c:/devkitpro/devkitarm/bin/../lib/gcc/arm-none-eabi/7.1.0/../../../../arm-none-eabi/lib/thumb\libm.a(lib_a-e_rem_pio2.o)
 .text          0x00000000        0x0 c:/devkitpro/devkitarm/bin/../lib/gcc/arm-none-eabi/7.1.0/../../../../arm-none-eabi/lib/thumb\libm.a(lib_a-k_cos.o)
 .data          0x00000000        0x0 c:/devkitpro/devkitarm/bin/../lib/gcc/arm-none-eabi/7.1.0/../../../../arm-none-eabi/lib/thumb\libm.a(lib_a-k_cos.o)
 .bss           0x00000000        0x0 c:/devkitpro/devkitarm/bin/../lib/gcc/arm-none-eabi/7.1.0/../../../../arm-none-eabi/lib/thumb\libm.a(lib_a-k_cos.o)
 .text          0x00000000        0x0 c:/devkitpro/devkitarm/bin/../lib/gcc/arm-none-eabi/7.1.0/../../../../arm-none-eabi/lib/thumb\libm.a(lib_a-k_rem_pio2.o)
 .data          0x00000000        0x0 c:/devkitpro/devkitarm/bin/../lib/gcc/arm-none-eabi/7.1.0/../../../../arm-none-eabi/lib/thumb\libm.a(lib_a-k_rem_pio2.o)
 .bss           0x00000000        0x0 c:/devkitpro/devkitarm/bin/../lib/gcc/arm-none-eabi/7.1.0/../../../../arm-none-eabi/lib/thumb\libm.a(lib_a-k_rem_pio2.o)
 .text          0x00000000        0x0 c:/devkitpro/devkitarm/bin/../lib/gcc/arm-none-eabi/7.1.0/../../../../arm-none-eabi/lib/thumb\libm.a(lib_a-k_sin.o)
 .data          0x00000000        0x0 c:/devkitpro/devkitarm/bin/../lib/gcc/arm-none-eabi/7.1.0/../../../../arm-none-eabi/lib/thumb\libm.a(lib_a-k_sin.o)
 .bss           0x00000000        0x0 c:/devkitpro/devkitarm/bin/../lib/gcc/arm-none-eabi/7.1.0/../../../../arm-none-eabi/lib/thumb\libm.a(lib_a-k_sin.o)
 .text          0x00000000        0x0 c:/devkitpro/devkitarm/bin/../lib/gcc/arm-none-eabi/7.1.0/../../../../arm-none-eabi/lib/thumb\libm.a(lib_a-s_fabs.o)
 .data          0x00000000        0x0 c:/devkitpro/devkitarm/bin/../lib/gcc/arm-none-eabi/7.1.0/../../../../arm-none-eabi/lib/thumb\libm.a(lib_a-s_fabs.o)
 .bss           0x00000000        0x0 c:/devkitpro/devkitarm/bin/../lib/gcc/arm-none-eabi/7.1.0/../../../../arm-none-eabi/lib/thumb\libm.a(lib_a-s_fabs.o)
 .text          0x00000000        0x0 c:/devkitpro/devkitarm/bin/../lib/gcc/arm-none-eabi/7.1.0/../../../../arm-none-eabi/lib/thumb\libm.a(lib_a-s_floor.o)
 .data          0x00000000        0x0 c:/devkitpro/devkitarm/bin/../lib/gcc/arm-none-eabi/7.1.0/../../../../arm-none-eabi/lib/thumb\libm.a(lib_a-s_floor.o)
 .bss           0x00000000        0x0 c:/devkitpro/devkitarm/bin/../lib/gcc/arm-none-eabi/7.1.0/../../../../arm-none-eabi/lib/thumb\libm.a(lib_a-s_floor.o)
 .text          0x00000000        0x0 c:/devkitpro/devkitarm/bin/../lib/gcc/arm-none-eabi/7.1.0/../../../../arm-none-eabi/lib/thumb\libm.a(lib_a-s_scalbn.o)
 .data          0x00000000        0x0 c:/devkitpro/devkitarm/bin/../lib/gcc/arm-none-eabi/7.1.0/../../../../arm-none-eabi/lib/thumb\libm.a(lib_a-s_scalbn.o)
 .bss           0x00000000        0x0 c:/devkitpro/devkitarm/bin/../lib/gcc/arm-none-eabi/7.1.0/../../../../arm-none-eabi/lib/thumb\libm.a(lib_a-s_scalbn.o)
 .text          0x00000000        0x0 c:/devkitpro/devkitarm/bin/../lib/gcc/arm-none-eabi/7.1.0/../../../../arm-none-eabi/lib/thumb\libm.a(lib_a-s_copysign.o)
 .data          0x00000000        0x0 c:/devkitpro/devkitarm/bin/../lib/gcc/arm-none-eabi/7.1.0/../../../../arm-none-eabi/lib/thumb\libm.a(lib_a-s_copysign.o)
 .bss           0x00000000        0x0 c:/devkitpro/devkitarm/bin/../lib/gcc/arm-none-eabi/7.1.0/../../../../arm-none-eabi/lib/thumb\libm.a(lib_a-s_copysign.o)
 .data          0x00000000        0x0 c:/devkitpro/devkitarm/bin/../lib/gcc/arm-none-eabi/7.1.0/thumb\libgcc.a(_udivsi3.o)
 .bss           0x00000000        0x0 c:/devkitpro/devkitarm/bin/../lib/gcc/arm-none-eabi/7.1.0/thumb\libgcc.a(_udivsi3.o)
 .data          0x00000000        0x0 c:/devkitpro/devkitarm/bin/../lib/gcc/arm-none-eabi/7.1.0/thumb\libgcc.a(_divsi3.o)
 .bss           0x00000000        0x0 c:/devkitpro/devkitarm/bin/../lib/gcc/arm-none-eabi/7.1.0/thumb\libgcc.a(_divsi3.o)
 .data          0x00000000        0x0 c:/devkitpro/devkitarm/bin/../lib/gcc/arm-none-eabi/7.1.0/thumb\libgcc.a(_dvmd_tls.o)
 .bss           0x00000000        0x0 c:/devkitpro/devkitarm/bin/../lib/gcc/arm-none-eabi/7.1.0/thumb\libgcc.a(_dvmd_tls.o)
 .data          0x00000000        0x0 c:/devkitpro/devkitarm/bin/../lib/gcc/arm-none-eabi/7.1.0/thumb\libgcc.a(_call_via_rX.o)
 .bss           0x00000000        0x0 c:/devkitpro/devkitarm/bin/../lib/gcc/arm-none-eabi/7.1.0/thumb\libgcc.a(_call_via_rX.o)
 .data          0x00000000        0x0 c:/devkitpro/devkitarm/bin/../lib/gcc/arm-none-eabi/7.1.0/thumb\libgcc.a(_arm_addsubdf3.o)
 .bss           0x00000000        0x0 c:/devkitpro/devkitarm/bin/../lib/gcc/arm-none-eabi/7.1.0/thumb\libgcc.a(_arm_addsubdf3.o)
 .data          0x00000000        0x0 c:/devkitpro/devkitarm/bin/../lib/gcc/arm-none-eabi/7.1.0/thumb\libgcc.a(_arm_muldivdf3.o)
 .bss           0x00000000        0x0 c:/devkitpro/devkitarm/bin/../lib/gcc/arm-none-eabi/7.1.0/thumb\libgcc.a(_arm_muldivdf3.o)
 .data          0x00000000        0x0 c:/devkitpro/devkitarm/bin/../lib/gcc/arm-none-eabi/7.1.0/thumb\libgcc.a(_arm_cmpdf2.o)
 .bss           0x00000000        0x0 c:/devkitpro/devkitarm/bin/../lib/gcc/arm-none-eabi/7.1.0/thumb\libgcc.a(_arm_cmpdf2.o)
 .data          0x00000000        0x0 c:/devkitpro/devkitarm/bin/../lib/gcc/arm-none-eabi/7.1.0/thumb\libgcc.a(_arm_fixdfsi.o)
 .bss           0x00000000        0x0 c:/devkitpro/devkitarm/bin/../lib/gcc/arm-none-eabi/7.1.0/thumb\libgcc.a(_arm_fixdfsi.o)
 .data          0x00000000        0x0 c:/devkitpro/devkitarm/bin/../lib/gcc/arm-none-eabi/7.1.0/thumb\libgcc.a(_arm_addsubsf3.o)
 .bss           0x00000000        0x0 c:/devkitpro/devkitarm/bin/../lib/gcc/arm-none-eabi/7.1.0/thumb\libgcc.a(_arm_addsubsf3.o)
 .data          0x00000000        0x0 c:/devkitpro/devkitarm/bin/../lib/gcc/arm-none-eabi/7.1.0/thumb\libgcc.a(_arm_muldivsf3.o)
 .bss           0x00000000        0x0 c:/devkitpro/devkitarm/bin/../lib/gcc/arm-none-eabi/7.1.0/thumb\libgcc.a(_arm_muldivsf3.o)
 .data          0x00000000        0x0 c:/devkitpro/devkitarm/bin/../lib/gcc/arm-none-eabi/7.1.0/thumb\libgcc.a(_arm_cmpsf2.o)
 .bss           0x00000000        0x0 c:/devkitpro/devkitarm/bin/../lib/gcc/arm-none-eabi/7.1.0/thumb\libgcc.a(_arm_cmpsf2.o)
 .data          0x00000000        0x0 c:/devkitpro/devkitarm/bin/../lib/gcc/arm-none-eabi/7.1.0/thumb\libgcc.a(_arm_fixsfsi.o)
 .bss           0x00000000        0x0 c:/devkitpro/devkitarm/bin/../lib/gcc/arm-none-eabi/7.1.0/thumb\libgcc.a(_arm_fixsfsi.o)
 .text          0x00000000        0x0 c:/devkitpro/devkitarm/bin/../lib/gcc/arm-none-eabi/7.1.0/../../../../arm-none-eabi/lib/thumb\libg.a(lib_a-init.o)
 .data          0x00000000        0x0 c:/devkitpro/devkitarm/bin/../lib/gcc/arm-none-eabi/7.1.0/../../../../arm-none-eabi/lib/thumb\libg.a(lib_a-init.o)
 .bss           0x00000000        0x0 c:/devkitpro/devkitarm/bin/../lib/gcc/arm-none-eabi/7.1.0/../../../../arm-none-eabi/lib/thumb\libg.a(lib_a-init.o)
 .text          0x00000000        0x0 c:/devkitpro/devkitarm/bin/../lib/gcc/arm-none-eabi/7.1.0/../../../../arm-none-eabi/lib/thumb\libg.a(lib_a-malloc.o)
 .data          0x00000000        0x0 c:/devkitpro/devkitarm/bin/../lib/gcc/arm-none-eabi/7.1.0/../../../../arm-none-eabi/lib/thumb\libg.a(lib_a-malloc.o)
 .bss           0x00000000        0x0 c:/devkitpro/devkitarm/bin/../lib/gcc/arm-none-eabi/7.1.0/../../../../arm-none-eabi/lib/thumb\libg.a(lib_a-malloc.o)
 .text.free     0x00000000       0x14 c:/devkitpro/devkitarm/bin/../lib/gcc/arm-none-eabi/7.1.0/../../../../arm-none-eabi/lib/thumb\libg.a(lib_a-malloc.o)
 .text          0x00000000        0x0 c:/devkitpro/devkitarm/bin/../lib/gcc/arm-none-eabi/7.1.0/../../../../arm-none-eabi/lib/thumb\libg.a(lib_a-mallocr.o)
 .data          0x00000000        0x0 c:/devkitpro/devkitarm/bin/../lib/gcc/arm-none-eabi/7.1.0/../../../../arm-none-eabi/lib/thumb\libg.a(lib_a-mallocr.o)
 .bss           0x00000000        0x0 c:/devkitpro/devkitarm/bin/../lib/gcc/arm-none-eabi/7.1.0/../../../../arm-none-eabi/lib/thumb\libg.a(lib_a-mallocr.o)
 .text          0x00000000        0x0 c:/devkitpro/devkitarm/bin/../lib/gcc/arm-none-eabi/7.1.0/../../../../arm-none-eabi/lib/thumb\libg.a(lib_a-memcpy-stub.o)
 .data          0x00000000        0x0 c:/devkitpro/devkitarm/bin/../lib/gcc/arm-none-eabi/7.1.0/../../../../arm-none-eabi/lib/thumb\libg.a(lib_a-memcpy-stub.o)
 .bss           0x00000000        0x0 c:/devkitpro/devkitarm/bin/../lib/gcc/arm-none-eabi/7.1.0/../../../../arm-none-eabi/lib/thumb\libg.a(lib_a-memcpy-stub.o)
 .text          0x00000000        0x0 c:/devkitpro/devkitarm/bin/../lib/gcc/arm-none-eabi/7.1.0/../../../../arm-none-eabi/lib/thumb\libg.a(lib_a-memset.o)
 .data          0x00000000        0x0 c:/devkitpro/devkitarm/bin/../lib/gcc/arm-none-eabi/7.1.0/../../../../arm-none-eabi/lib/thumb\libg.a(lib_a-memset.o)
 .bss           0x00000000        0x0 c:/devkitpro/devkitarm/bin/../lib/gcc/arm-none-eabi/7.1.0/../../../../arm-none-eabi/lib/thumb\libg.a(lib_a-memset.o)
 .text          0x00000000        0x0 c:/devkitpro/devkitarm/bin/../lib/gcc/arm-none-eabi/7.1.0/../../../../arm-none-eabi/lib/thumb\libg.a(lib_a-mlock.o)
 .data          0x00000000        0x0 c:/devkitpro/devkitarm/bin/../lib/gcc/arm-none-eabi/7.1.0/../../../../arm-none-eabi/lib/thumb\libg.a(lib_a-mlock.o)
 .bss           0x00000000        0x0 c:/devkitpro/devkitarm/bin/../lib/gcc/arm-none-eabi/7.1.0/../../../../arm-none-eabi/lib/thumb\libg.a(lib_a-mlock.o)
 .text          0x00000000        0x0 c:/devkitpro/devkitarm/bin/../lib/gcc/arm-none-eabi/7.1.0/../../../../arm-none-eabi/lib/thumb\libg.a(lib_a-freer.o)
 .data          0x00000000        0x0 c:/devkitpro/devkitarm/bin/../lib/gcc/arm-none-eabi/7.1.0/../../../../arm-none-eabi/lib/thumb\libg.a(lib_a-freer.o)
 .bss           0x00000000        0x0 c:/devkitpro/devkitarm/bin/../lib/gcc/arm-none-eabi/7.1.0/../../../../arm-none-eabi/lib/thumb\libg.a(lib_a-freer.o)
 .text          0x00000000        0x0 c:/devkitpro/devkitarm/bin/../lib/gcc/arm-none-eabi/7.1.0/../../../../arm-none-eabi/lib/thumb\libsysbase.a(sbrk.o)
 .data          0x00000000        0x0 c:/devkitpro/devkitarm/bin/../lib/gcc/arm-none-eabi/7.1.0/../../../../arm-none-eabi/lib/thumb\libsysbase.a(sbrk.o)
 .bss           0x00000000        0x0 c:/devkitpro/devkitarm/bin/../lib/gcc/arm-none-eabi/7.1.0/../../../../arm-none-eabi/lib/thumb\libsysbase.a(sbrk.o)
 .text          0x00000000        0x0 c:/devkitpro/devkitarm/bin/../lib/gcc/arm-none-eabi/7.1.0/../../../../arm-none-eabi/lib/thumb\libsysbase.a(malloc_vars.o)
 .data          0x00000000        0x0 c:/devkitpro/devkitarm/bin/../lib/gcc/arm-none-eabi/7.1.0/../../../../arm-none-eabi/lib/thumb\libsysbase.a(malloc_vars.o)
 .bss           0x00000000        0x0 c:/devkitpro/devkitarm/bin/../lib/gcc/arm-none-eabi/7.1.0/../../../../arm-none-eabi/lib/thumb\libsysbase.a(malloc_vars.o)
 .text          0x00000000        0x0 c:/devkitpro/devkitarm/bin/../lib/gcc/arm-none-eabi/7.1.0/../../../../arm-none-eabi/lib/thumb\libsysbase.a(syscall_support.o)
 .data          0x00000000        0x0 c:/devkitpro/devkitarm/bin/../lib/gcc/arm-none-eabi/7.1.0/../../../../arm-none-eabi/lib/thumb\libsysbase.a(syscall_support.o)
 .bss           0x00000000        0x0 c:/devkitpro/devkitarm/bin/../lib/gcc/arm-none-eabi/7.1.0/../../../../arm-none-eabi/lib/thumb\libsysbase.a(syscall_support.o)
 .text.__libc_lock_init
                0x00000000       0x1c c:/devkitpro/devkitarm/bin/../lib/gcc/arm-none-eabi/7.1.0/../../../../arm-none-eabi/lib/thumb\libsysbase.a(syscall_support.o)
 .text.__libc_lock_acquire
                0x00000000       0x1c c:/devkitpro/devkitarm/bin/../lib/gcc/arm-none-eabi/7.1.0/../../../../arm-none-eabi/lib/thumb\libsysbase.a(syscall_support.o)
 .text.__libc_lock_try_acquire
                0x00000000       0x24 c:/devkitpro/devkitarm/bin/../lib/gcc/arm-none-eabi/7.1.0/../../../../arm-none-eabi/lib/thumb\libsysbase.a(syscall_support.o)
 .text.__libc_lock_release
                0x00000000       0x1c c:/devkitpro/devkitarm/bin/../lib/gcc/arm-none-eabi/7.1.0/../../../../arm-none-eabi/lib/thumb\libsysbase.a(syscall_support.o)
 .text.__libc_lock_close
                0x00000000       0x1c c:/devkitpro/devkitarm/bin/../lib/gcc/arm-none-eabi/7.1.0/../../../../arm-none-eabi/lib/thumb\libsysbase.a(syscall_support.o)
 .text.__libc_lock_init_recursive
                0x00000000       0x1c c:/devkitpro/devkitarm/bin/../lib/gcc/arm-none-eabi/7.1.0/../../../../arm-none-eabi/lib/thumb\libsysbase.a(syscall_support.o)
 .text.__libc_lock_try_acquire_recursive
                0x00000000       0x24 c:/devkitpro/devkitarm/bin/../lib/gcc/arm-none-eabi/7.1.0/../../../../arm-none-eabi/lib/thumb\libsysbase.a(syscall_support.o)
 .text.__libc_lock_close_recursive
                0x00000000       0x1c c:/devkitpro/devkitarm/bin/../lib/gcc/arm-none-eabi/7.1.0/../../../../arm-none-eabi/lib/thumb\libsysbase.a(syscall_support.o)
 .text          0x00000000        0x0 c:/devkitpro/devkitarm/bin/../lib/gcc/arm-none-eabi/7.1.0/../../../../arm-none-eabi/lib/thumb\libsysbase.a(getreent.o)
 .data          0x00000000        0x0 c:/devkitpro/devkitarm/bin/../lib/gcc/arm-none-eabi/7.1.0/../../../../arm-none-eabi/lib/thumb\libsysbase.a(getreent.o)
 .bss           0x00000000        0x0 c:/devkitpro/devkitarm/bin/../lib/gcc/arm-none-eabi/7.1.0/../../../../arm-none-eabi/lib/thumb\libsysbase.a(getreent.o)
 .text          0x00000000        0x0 c:/devkitpro/devkitarm/bin/../lib/gcc/arm-none-eabi/7.1.0/../../../../arm-none-eabi/lib/thumb\libg.a(lib_a-impure.o)
 .data          0x00000000        0x0 c:/devkitpro/devkitarm/bin/../lib/gcc/arm-none-eabi/7.1.0/../../../../arm-none-eabi/lib/thumb\libg.a(lib_a-impure.o)
 .bss           0x00000000        0x0 c:/devkitpro/devkitarm/bin/../lib/gcc/arm-none-eabi/7.1.0/../../../../arm-none-eabi/lib/thumb\libg.a(lib_a-impure.o)
 .rodata._global_impure_ptr
                0x00000000        0x4 c:/devkitpro/devkitarm/bin/../lib/gcc/arm-none-eabi/7.1.0/../../../../arm-none-eabi/lib/thumb\libg.a(lib_a-impure.o)
 .text          0x00000000        0x0 c:/devkitpro/devkitarm/bin/../lib/gcc/arm-none-eabi/7.1.0/thumb/crtend.o
 .data          0x00000000        0x0 c:/devkitpro/devkitarm/bin/../lib/gcc/arm-none-eabi/7.1.0/thumb/crtend.o
 .bss           0x00000000        0x0 c:/devkitpro/devkitarm/bin/../lib/gcc/arm-none-eabi/7.1.0/thumb/crtend.o
 .text          0x00000000        0x0 c:/devkitpro/devkitarm/bin/../lib/gcc/arm-none-eabi/7.1.0/thumb/crtn.o
 .data          0x00000000        0x0 c:/devkitpro/devkitarm/bin/../lib/gcc/arm-none-eabi/7.1.0/thumb/crtn.o
 .bss           0x00000000        0x0 c:/devkitpro/devkitarm/bin/../lib/gcc/arm-none-eabi/7.1.0/thumb/crtn.o

Memory Configuration

Name             Origin             Length             Attributes
rom              0x08000000         0x02000000
iwram            0x03000000         0x00008000
ewram            0x02000000         0x00040000
*default*        0x00000000         0xffffffff

Linker script and memory map

                0x08000000                __text_start = ORIGIN (rom)
                0x02040000                __eheap_end = (ORIGIN (ewram) + LENGTH (ewram))
                0x03000000                __iwram_start = ORIGIN (iwram)
                0x03008000                __iwram_top = (ORIGIN (iwram) + LENGTH (iwram))
                0x03007fa0                __sp_irq = (__iwram_top - 0x60)
                0x03007f00                __sp_usr = (__sp_irq - 0xa0)
                0x03007ff8                __irq_flags = 0x3007ff8
                0x08000000                . = __text_start

.crt0           0x08000000      0x210
 *(.crt0)
 .crt0          0x08000000      0x210 c:/devkitpro/devkitarm/bin/../lib/gcc/arm-none-eabi/7.1.0/../../../../arm-none-eabi/lib/thumb/gba_crt0.o
                0x08000000                _start
                0x080000c4                __boot_method
                0x080000c5                __slave_number
                0x080000e0                start_vector
                0x08000210                . = ALIGN (0x4)

.init           0x08000210        0xc
 *(SORT(.init))
 .init          0x08000210        0x4 c:/devkitpro/devkitarm/bin/../lib/gcc/arm-none-eabi/7.1.0/thumb/crti.o
                0x08000210                _init
 .init          0x08000214        0x8 c:/devkitpro/devkitarm/bin/../lib/gcc/arm-none-eabi/7.1.0/thumb/crtn.o

.plt            0x0800021c        0x0
 *(.plt)
                0x0800021c                . = ALIGN (0x4)

.text           0x08000220     0xa040
 *(EXCLUDE_FILE(*.iwram*) .text)
 .text          0x08000220     0x4ad8 main.o
                0x08000220                BallDestroy
                0x08000240                BallDestroy2
                0x08000264                DeleteClustersRecursive
                0x080004ec                FindClustersRecursive
                0x080008f8                BallChainRoutine
                0x08000cdc                FindSupport
                0x08000ee8                SpreadSupportRecursive
                0x0800110c                HangingBallsRoutine
                0x08001640                TimerTick
                0x080016e8                MemoryReassign
                0x08001c64                UpdateGrid
                0x08001edc                NextTurn
                0x08002380                Collision
                0x08002420                SetUpStaticBall
                0x08002454                InstanceBall
                0x0800252c                SceneUpdate
                0x080026b8                BallDestroyI
                0x080026d8                BallDestroy2I
                0x080026fc                SetUpStaticBallI
                0x08002730                UpdateGridI
                0x080029a8                InstanceBallI
                0x08002a80                SceneUpdateI
                0x08002a8c                SetRotData
                0x08002b34                ScreenBaseInit
                0x08003e1c                SetUpData
                0x08003ff8                SetUpGame
                0x080047e0                MenuLoop
                0x080048c8                Menu2Loop
                0x080049a4                OAMCleanUp
                0x080049dc                GameLoop
                0x08004bd4                SetRotDataI
                0x08004c7c                SetUpDataI
                0x08004c88                SetUpGameI
                0x08004c98                MenuLoopI
                0x08004ca4                Menu2LoopI
                0x08004cb0                OAMCleanUpI
                0x08004ce8                GameLoopI
 .text          0x08004cf8       0x5c assembly.o
                0x08004cf8                addAndLoopFunc
                0x08004d06                updateFunc
                0x08004d1a                updateExtentFunc
                0x08004d22                edgeBounceFunc
                0x08004d3e                clampFunc
 .text          0x08004d54       0xbc C:/devkitPro/libgba/lib\libgba.a(input.o)
                0x08004d54                setRepeat
                0x08004d60                scanKeys
                0x08004dd4                keysDownRepeat
                0x08004de4                keysDown
                0x08004df4                keysUp
                0x08004e04                keysHeld
 .text          0x08004e10      0x3bc C:/devkitPro/libgba/lib\libgba.a(interrupt.o)
                0x08004e10                dummy
                0x08004e14                InitInterrupt
                0x08004e70                irqInit
                0x08004ecc                SetInterrupt
                0x08004fb0                irqSet
                0x08005094                EnableInterrupt
                0x080050e0                irqEnable
                0x08005134                DisableInterrupt
                0x08005180                irqDisable
 .text          0x080051cc      0x140 C:/devkitPro/libgba/lib\libmm.a(mm_main.o)
                0x080051cc                mpp_call_r7
                0x080051ce                mpp_call_r1
                0x080051d0                mpp_call_r2
                0x080051d2                mpp_call_r3
                0x080051d4                mmSetEventHandler
                0x080051dc                mmInit
                0x08005230                mmSetVBlankHandler
                0x08005236                mmFrame
 .text          0x0800530c     0x155c C:/devkitPro/libgba/lib\libmm.a(mm_mas.o)
                0x08005380                mmStart
                0x080053a0                mmJingle
                0x080053a6                mmPlayModule
                0x08005470                mmPause
                0x0800548c                mmResume
                0x0800549c                mmActive
                0x080054a2                mmActiveSub
                0x080054a8                mmSetModuleVolume
                0x080054b8                mmSetJingleVolume
                0x080054f4                mmPosition
                0x0800550e                mmSetModuleTempo
                0x08005540                mmSetModulePitch
                0x08005580                mmStop
                0x08005646                mppUpdateSub
                0x080057a2                mpp_Process_VolumeCommand
                0x080059da                mpp_Process_Effect
                0x08006128                ST3_FREQTABLE
                0x08006548                IT_PitchTable
 .text          0x08006868       0x54 C:/devkitPro/libgba/lib\libmm.a(mm_init_default.o)
                0x08006868                mmInitDefault
 .text          0x080068bc      0x1e0 C:/devkitPro/libgba/lib\libmm.a(mm_mixer_gba.o)
                0x080068bc                mmMixerSetSource
                0x080068d0                mmMixerSetRead
                0x080068de                mmMixerSetFreq
                0x080068ee                mmMixerMulFreq
                0x08006902                mmMixerStopChannel
                0x08006914                mmMixerChannelActive
                0x08006926                mmMixerSetVolume
                0x08006934                mmMixerSetPan
                0x08006942                mmMixerInit
 .text          0x08006a9c      0x300 C:/devkitPro/libgba/lib\libmm.a(mm_effect.o)
                0x08006a9c                mmResetEffects
                0x08006ac8                mmEffect
                0x08006ade                mmEffectEx
                0x08006bfc                mmEffectVolume
                0x08006c18                mmEffectPanning
                0x08006c2c                mmEffectRate
                0x08006c40                mmEffectCancel
                0x08006c7a                mmEffectRelease
                0x08006ca0                mmEffectScaleRate
                0x08006cb4                mmSetEffectsVolume
                0x08006cc2                mmEffectCancelAll
                0x08006d02                mmUpdateEffects
 .text          0x08006d9c      0x11c c:/devkitpro/devkitarm/bin/../lib/gcc/arm-none-eabi/7.1.0/thumb\libgcc.a(_udivsi3.o)
                0x08006d9c                __aeabi_uidiv
                0x08006d9c                __udivsi3
                0x08006e98                __aeabi_uidivmod
 .text          0x08006eb8      0x150 c:/devkitpro/devkitarm/bin/../lib/gcc/arm-none-eabi/7.1.0/thumb\libgcc.a(_divsi3.o)
                0x08006eb8                __divsi3
                0x08006eb8                __aeabi_idiv
                0x08006fe8                __aeabi_idivmod
 .text          0x08007008        0x4 c:/devkitpro/devkitarm/bin/../lib/gcc/arm-none-eabi/7.1.0/thumb\libgcc.a(_dvmd_tls.o)
                0x08007008                __aeabi_idiv0
                0x08007008                __aeabi_ldiv0
 .text          0x0800700c       0x3c c:/devkitpro/devkitarm/bin/../lib/gcc/arm-none-eabi/7.1.0/thumb\libgcc.a(_call_via_rX.o)
                0x0800700c                _call_via_r0
                0x08007010                _call_via_r1
                0x08007014                _call_via_r2
                0x08007018                _call_via_r3
                0x0800701c                _call_via_r4
                0x08007020                _call_via_r5
                0x08007024                _call_via_r6
                0x08007028                _call_via_r7
                0x0800702c                _call_via_r8
                0x08007030                _call_via_r9
                0x08007034                _call_via_sl
                0x08007038                _call_via_fp
                0x0800703c                _call_via_ip
                0x08007040                _call_via_sp
                0x08007044                _call_via_lr
 .text          0x08007048      0x424 c:/devkitpro/devkitarm/bin/../lib/gcc/arm-none-eabi/7.1.0/thumb\libgcc.a(_arm_addsubdf3.o)
                0x08007048                __aeabi_drsub
                0x08007050                __aeabi_dsub
                0x08007050                __subdf3
                0x08007054                __aeabi_dadd
                0x08007054                __adddf3
                0x08007364                __floatunsidf
                0x08007364                __aeabi_ui2d
                0x08007388                __floatsidf
                0x08007388                __aeabi_i2d
                0x080073b0                __aeabi_f2d
                0x080073b0                __extendsfdf2
                0x080073f8                __floatundidf
                0x080073f8                __aeabi_ul2d
                0x0800740c                __floatdidf
                0x0800740c                __aeabi_l2d
 .text          0x0800746c      0x49c c:/devkitpro/devkitarm/bin/../lib/gcc/arm-none-eabi/7.1.0/thumb\libgcc.a(_arm_muldivdf3.o)
                0x0800746c                __aeabi_dmul
                0x0800746c                __muldf3
                0x080076fc                __divdf3
                0x080076fc                __aeabi_ddiv
 .text          0x08007908      0x144 c:/devkitpro/devkitarm/bin/../lib/gcc/arm-none-eabi/7.1.0/thumb\libgcc.a(_arm_cmpdf2.o)
                0x08007908                __gtdf2
                0x08007908                __gedf2
                0x08007910                __ltdf2
                0x08007910                __ledf2
                0x08007918                __nedf2
                0x08007918                __eqdf2
                0x08007918                __cmpdf2
                0x080079a0                __aeabi_cdrcmple
                0x080079bc                __aeabi_cdcmpeq
                0x080079bc                __aeabi_cdcmple
                0x080079d4                __aeabi_dcmpeq
                0x080079ec                __aeabi_dcmplt
                0x08007a04                __aeabi_dcmple
                0x08007a1c                __aeabi_dcmpge
                0x08007a34                __aeabi_dcmpgt
 .text          0x08007a4c       0x5c c:/devkitpro/devkitarm/bin/../lib/gcc/arm-none-eabi/7.1.0/thumb\libgcc.a(_arm_fixdfsi.o)
                0x08007a4c                __aeabi_d2iz
                0x08007a4c                __fixdfsi
 .text          0x08007aa8      0x2ac c:/devkitpro/devkitarm/bin/../lib/gcc/arm-none-eabi/7.1.0/thumb\libgcc.a(_arm_addsubsf3.o)
                0x08007aa8                __aeabi_frsub
                0x08007ab0                __subsf3
                0x08007ab0                __aeabi_fsub
                0x08007ab4                __aeabi_fadd
                0x08007ab4                __addsf3
                0x08007c70                __aeabi_ui2f
                0x08007c70                __floatunsisf
                0x08007c78                __aeabi_i2f
                0x08007c78                __floatsisf
                0x08007c98                __aeabi_ul2f
                0x08007c98                __floatundisf
                0x08007ca8                __aeabi_l2f
                0x08007ca8                __floatdisf
 .text          0x08007d54      0x2f8 c:/devkitpro/devkitarm/bin/../lib/gcc/arm-none-eabi/7.1.0/thumb\libgcc.a(_arm_muldivsf3.o)
                0x08007d54                __mulsf3
                0x08007d54                __aeabi_fmul
                0x08007eec                __aeabi_fdiv
                0x08007eec                __divsf3
 .text          0x0800804c      0x114 c:/devkitpro/devkitarm/bin/../lib/gcc/arm-none-eabi/7.1.0/thumb\libgcc.a(_arm_cmpsf2.o)
                0x0800804c                __gesf2
                0x0800804c                __gtsf2
                0x08008054                __lesf2
                0x08008054                __ltsf2
                0x0800805c                __nesf2
                0x0800805c                __eqsf2
                0x0800805c                __cmpsf2
                0x080080c0                __aeabi_cfrcmple
                0x080080d0                __aeabi_cfcmpeq
                0x080080d0                __aeabi_cfcmple
                0x080080e8                __aeabi_fcmpeq
                0x08008100                __aeabi_fcmplt
                0x08008118                __aeabi_fcmple
                0x08008130                __aeabi_fcmpge
                0x08008148                __aeabi_fcmpgt
 .text          0x08008160       0x5c c:/devkitpro/devkitarm/bin/../lib/gcc/arm-none-eabi/7.1.0/thumb\libgcc.a(_arm_fixsfsi.o)
                0x08008160                __aeabi_f2iz
                0x08008160                __fixsfsi
 *(.text .stub .text.* .gnu.linkonce.t.*)
 .text.deregister_tm_clones
                0x080081bc       0x2c c:/devkitpro/devkitarm/bin/../lib/gcc/arm-none-eabi/7.1.0/thumb/crtbegin.o
 .text.register_tm_clones
                0x080081e8       0x34 c:/devkitpro/devkitarm/bin/../lib/gcc/arm-none-eabi/7.1.0/thumb/crtbegin.o
 .text.__do_global_dtors_aux
                0x0800821c       0x30 c:/devkitpro/devkitarm/bin/../lib/gcc/arm-none-eabi/7.1.0/thumb/crtbegin.o
 .text.frame_dummy
                0x0800824c       0x28 c:/devkitpro/devkitarm/bin/../lib/gcc/arm-none-eabi/7.1.0/thumb/crtbegin.o
 .text.startup  0x08008274       0x60 main.o
                0x08008274                main
 .text.cos      0x080082d4       0x90 c:/devkitpro/devkitarm/bin/../lib/gcc/arm-none-eabi/7.1.0/../../../../arm-none-eabi/lib/thumb\libm.a(lib_a-s_cos.o)
                0x080082d4                cos
 .text.round    0x08008364       0xb4 c:/devkitpro/devkitarm/bin/../lib/gcc/arm-none-eabi/7.1.0/../../../../arm-none-eabi/lib/thumb\libm.a(lib_a-s_round.o)
                0x08008364                round
 .text.sin      0x08008418       0x94 c:/devkitpro/devkitarm/bin/../lib/gcc/arm-none-eabi/7.1.0/../../../../arm-none-eabi/lib/thumb\libm.a(lib_a-s_sin.o)
                0x08008418                sin
 .text.__ieee754_rem_pio2
                0x080084ac      0x424 c:/devkitpro/devkitarm/bin/../lib/gcc/arm-none-eabi/7.1.0/../../../../arm-none-eabi/lib/thumb\libm.a(lib_a-e_rem_pio2.o)
                0x080084ac                __ieee754_rem_pio2
 .text.__kernel_cos
                0x080088d0      0x238 c:/devkitpro/devkitarm/bin/../lib/gcc/arm-none-eabi/7.1.0/../../../../arm-none-eabi/lib/thumb\libm.a(lib_a-k_cos.o)
                0x080088d0                __kernel_cos
 .text.__kernel_rem_pio2
                0x08008b08      0x8c4 c:/devkitpro/devkitarm/bin/../lib/gcc/arm-none-eabi/7.1.0/../../../../arm-none-eabi/lib/thumb\libm.a(lib_a-k_rem_pio2.o)
                0x08008b08                __kernel_rem_pio2
 .text.__kernel_sin
                0x080093cc      0x168 c:/devkitpro/devkitarm/bin/../lib/gcc/arm-none-eabi/7.1.0/../../../../arm-none-eabi/lib/thumb\libm.a(lib_a-k_sin.o)
                0x080093cc                __kernel_sin
 .text.fabs     0x08009534        0x8 c:/devkitpro/devkitarm/bin/../lib/gcc/arm-none-eabi/7.1.0/../../../../arm-none-eabi/lib/thumb\libm.a(lib_a-s_fabs.o)
                0x08009534                fabs
 .text.floor    0x0800953c      0x13c c:/devkitpro/devkitarm/bin/../lib/gcc/arm-none-eabi/7.1.0/../../../../arm-none-eabi/lib/thumb\libm.a(lib_a-s_floor.o)
                0x0800953c                floor
 .text.scalbn   0x08009678       0xd4 c:/devkitpro/devkitarm/bin/../lib/gcc/arm-none-eabi/7.1.0/../../../../arm-none-eabi/lib/thumb\libm.a(lib_a-s_scalbn.o)
                0x08009678                scalbn
 .text.copysign
                0x0800974c       0x14 c:/devkitpro/devkitarm/bin/../lib/gcc/arm-none-eabi/7.1.0/../../../../arm-none-eabi/lib/thumb\libm.a(lib_a-s_copysign.o)
                0x0800974c                copysign
 .text.__libc_init_array
                0x08009760       0x54 c:/devkitpro/devkitarm/bin/../lib/gcc/arm-none-eabi/7.1.0/../../../../arm-none-eabi/lib/thumb\libg.a(lib_a-init.o)
                0x08009760                __libc_init_array
 .text.malloc   0x080097b4       0x14 c:/devkitpro/devkitarm/bin/../lib/gcc/arm-none-eabi/7.1.0/../../../../arm-none-eabi/lib/thumb\libg.a(lib_a-malloc.o)
                0x080097b4                malloc
 .text._malloc_r
                0x080097c8      0x56c c:/devkitpro/devkitarm/bin/../lib/gcc/arm-none-eabi/7.1.0/../../../../arm-none-eabi/lib/thumb\libg.a(lib_a-mallocr.o)
                0x080097c8                _malloc_r
 .text.memcpy   0x08009d34       0x8c c:/devkitpro/devkitarm/bin/../lib/gcc/arm-none-eabi/7.1.0/../../../../arm-none-eabi/lib/thumb\libg.a(lib_a-memcpy-stub.o)
                0x08009d34                memcpy
 .text.memset   0x08009dc0       0xa4 c:/devkitpro/devkitarm/bin/../lib/gcc/arm-none-eabi/7.1.0/../../../../arm-none-eabi/lib/thumb\libg.a(lib_a-memset.o)
                0x08009dc0                memset
 .text.__malloc_lock
                0x08009e64       0x14 c:/devkitpro/devkitarm/bin/../lib/gcc/arm-none-eabi/7.1.0/../../../../arm-none-eabi/lib/thumb\libg.a(lib_a-mlock.o)
                0x08009e64                __malloc_lock
 .text.__malloc_unlock
                0x08009e78       0x14 c:/devkitpro/devkitarm/bin/../lib/gcc/arm-none-eabi/7.1.0/../../../../arm-none-eabi/lib/thumb\libg.a(lib_a-mlock.o)
                0x08009e78                __malloc_unlock
 .text._malloc_trim_r
                0x08009e8c       0xa4 c:/devkitpro/devkitarm/bin/../lib/gcc/arm-none-eabi/7.1.0/../../../../arm-none-eabi/lib/thumb\libg.a(lib_a-freer.o)
                0x08009e8c                _malloc_trim_r
 .text._free_r  0x08009f30      0x1d8 c:/devkitpro/devkitarm/bin/../lib/gcc/arm-none-eabi/7.1.0/../../../../arm-none-eabi/lib/thumb\libg.a(lib_a-freer.o)
                0x08009f30                _free_r
 .text._sbrk_r  0x0800a108       0x54 c:/devkitpro/devkitarm/bin/../lib/gcc/arm-none-eabi/7.1.0/../../../../arm-none-eabi/lib/thumb\libsysbase.a(sbrk.o)
                0x0800a108                _sbrk_r
 .text.__libc_lock_acquire_recursive
                0x0800a15c       0x1c c:/devkitpro/devkitarm/bin/../lib/gcc/arm-none-eabi/7.1.0/../../../../arm-none-eabi/lib/thumb\libsysbase.a(syscall_support.o)
                0x0800a15c                __libc_lock_acquire_recursive
 .text.__libc_lock_release_recursive
                0x0800a178       0x1c c:/devkitpro/devkitarm/bin/../lib/gcc/arm-none-eabi/7.1.0/../../../../arm-none-eabi/lib/thumb\libsysbase.a(syscall_support.o)
                0x0800a178                __libc_lock_release_recursive
 .text.__getreent
                0x0800a194       0x28 c:/devkitpro/devkitarm/bin/../lib/gcc/arm-none-eabi/7.1.0/../../../../arm-none-eabi/lib/thumb\libsysbase.a(getreent.o)
                0x0800a194                __getreent
 *fill*         0x0800a1bc        0x4 ff
 .text.__getreent.__stub
                0x0800a1c0       0x9c linker stubs
 *(.text.*personality*)
 *(.gnu.warning)
 *(.glue_7t)
 .glue_7t       0x0800a260        0x0 linker stubs
 *(.glue_7)
 .glue_7        0x0800a260        0x0 linker stubs
 *(.vfp11_veneer)
 .vfp11_veneer  0x0800a260        0x0 linker stubs
                0x0800a260                . = ALIGN (0x4)
                0x0800a260                __text_end = .

.v4_bx          0x0800a260        0x0
 .v4_bx         0x0800a260        0x0 linker stubs

.iplt           0x0800a260        0x0
 .iplt          0x0800a260        0x0 c:/devkitpro/devkitarm/bin/../lib/gcc/arm-none-eabi/7.1.0/../../../../arm-none-eabi/lib/thumb/gba_crt0.o

.fini           0x0800a260        0xc
 *(.fini)
 .fini          0x0800a260        0x4 c:/devkitpro/devkitarm/bin/../lib/gcc/arm-none-eabi/7.1.0/thumb/crti.o
                0x0800a260                _fini
 .fini          0x0800a264        0x8 c:/devkitpro/devkitarm/bin/../lib/gcc/arm-none-eabi/7.1.0/thumb/crtn.o
                0x0800a26c                . = ALIGN (0x4)

.rodata         0x0800a270    0x10060
 *(.rodata)
 .rodata        0x0800a270     0xbe84 soundbank.o
                0x0800a270                soundbank_bin
                0x080160f0                soundbank_bin_size
                0x080160f0                soundbank_bin_end
 .rodata        0x080160f4     0x2000 ObjCharData.o
                0x080160f4                objCharData
 .rodata        0x080180f4     0x2000 CharBase1Data.o
                0x080180f4                charBase1Data
 *all.rodata*(*)
 *(.roda)
 *(.rodata.*)
 .rodata.npio2_hw
                0x0801a0f4       0x80 c:/devkitpro/devkitarm/bin/../lib/gcc/arm-none-eabi/7.1.0/../../../../arm-none-eabi/lib/thumb\libm.a(lib_a-e_rem_pio2.o)
 .rodata.two_over_pi
                0x0801a174      0x108 c:/devkitpro/devkitarm/bin/../lib/gcc/arm-none-eabi/7.1.0/../../../../arm-none-eabi/lib/thumb\libm.a(lib_a-e_rem_pio2.o)
 *fill*         0x0801a27c        0x4 ff
 .rodata.PIo2   0x0801a280       0x40 c:/devkitpro/devkitarm/bin/../lib/gcc/arm-none-eabi/7.1.0/../../../../arm-none-eabi/lib/thumb\libm.a(lib_a-k_rem_pio2.o)
 .rodata.init_jk
                0x0801a2c0       0x10 c:/devkitpro/devkitarm/bin/../lib/gcc/arm-none-eabi/7.1.0/../../../../arm-none-eabi/lib/thumb\libm.a(lib_a-k_rem_pio2.o)
 *(.gnu.linkonce.r*)
                0x0801a2d0                . = ALIGN (0x4)

.ARM.extab
 *(.ARM.extab* .gnu.linkonce.armextab.*)
                0x0801a2d0                __exidx_start = .

.ARM.exidx
 *(.ARM.exidx* .gnu.linkonce.armexidx.*)
                0x0801a2d0                __exidx_end = .

.ctors          0x0801a2d0        0x0
 *crtbegin.o(.ctors)
 *(EXCLUDE_FILE(*crtend.o) .ctors)
 *(SORT(.ctors.*))
 *(.ctors)
                0x0801a2d0                . = ALIGN (0x4)

.dtors          0x0801a2d0        0x0
 *crtbegin.o(.dtors)
 *(EXCLUDE_FILE(*crtend.o) .dtors)
 *(SORT(.dtors.*))
 *(.dtors)
                0x0801a2d0                . = ALIGN (0x4)

.eh_frame       0x0801a2d0        0x4
 *(.eh_frame)
 .eh_frame      0x0801a2d0        0x0 c:/devkitpro/devkitarm/bin/../lib/gcc/arm-none-eabi/7.1.0/thumb/crtbegin.o
 .eh_frame      0x0801a2d0        0x4 c:/devkitpro/devkitarm/bin/../lib/gcc/arm-none-eabi/7.1.0/thumb/crtend.o
                0x0801a2d4                . = ALIGN (0x4)

.gcc_except_table
                0x0801a2d4        0x0
 *(.gcc_except_table)
                0x0801a2d4                . = ALIGN (0x4)
                0x0801a2d4                __iwram_lma = .

.iwram          0x03000000     0x1494 load address 0x0801a2d4
                0x03000000                __iwram_start__ = ABSOLUTE (.)
 *(.iwram)
 .iwram         0x03000000       0xb8 C:/devkitPro/libgba/lib\libgba.a(InterruptDispatcher.o)
                0x03000000                IntrMain
 .iwram         0x030000b8        0x8 C:/devkitPro/libgba/lib\libmm.a(mm_main.o)
                0x030000b8                mpp_call_r7i
                0x030000ba                mpp_call_r2i
                0x030000bc                mpp_call_r1i
 .iwram         0x030000c0      0x554 C:/devkitPro/libgba/lib\libmm.a(mm_mas.o)
                0x030000c0                mppProcessTick
                0x030001a4                mpp_Channel_NewNote
                0x03000284                mpp_Update_ACHN_notest
 .iwram         0x03000614      0x838 C:/devkitPro/libgba/lib\libmm.a(mm_mixer_gba.o)
                0x03000618                mmVBlank
                0x0300069c                mmMixerMix
 .iwram         0x03000e4c      0x648 C:/devkitPro/libgba/lib\libmm.a(mm_mas_arm.o)
                0x03000e4c                mmAllocChannel
                0x03000ec0                mmReadPattern
                0x03000fac                mmUpdateChannel_T0
                0x030011ec                mmUpdateChannel_TN
                0x0300138c                mmGetPeriod
                0x030013d0                note_table_oct
                0x030013ee                note_table_mod
 *iwram.*(.text)
                0x03001494                . = ALIGN (0x4)
                0x03001494                __iwram_end__ = ABSOLUTE (.)
                0x0801b768                __data_lma = (__iwram_lma + SIZEOF (.iwram))

.rel.dyn        0x03001494        0x0 load address 0x0801b768
 .rel.iplt      0x03001494        0x0 c:/devkitpro/devkitarm/bin/../lib/gcc/arm-none-eabi/7.1.0/../../../../arm-none-eabi/lib/thumb/gba_crt0.o

.bss            0x03001494      0x890
                0x03001494                __bss_start = ABSOLUTE (.)
                0x03001494                __bss_start__ = ABSOLUTE (.)
 *(.dynbss)
 *(.gnu.linkonce.b*)
 *(.bss*)
 .bss.completed.6484
                0x03001494        0x1 c:/devkitpro/devkitarm/bin/../lib/gcc/arm-none-eabi/7.1.0/thumb/crtbegin.o
 *fill*         0x03001495        0x3 
 .bss.object.6489
                0x03001498       0x18 c:/devkitpro/devkitarm/bin/../lib/gcc/arm-none-eabi/7.1.0/thumb/crtbegin.o
 .bss           0x030014b0        0x4 main.o
                0x030014b0                isMenu
 .bss           0x030014b4        0xa C:/devkitPro/libgba/lib\libgba.a(input.o)
 *fill*         0x030014be        0x2 
 .bss           0x030014c0       0x20 C:/devkitPro/libgba/lib\libmm.a(mm_main.o)
                0x030014c0                mmCallback
                0x030014c4                mmModuleCount
                0x030014c8                mmModuleBank
                0x030014cc                mmSampleBank
                0x030014d0                mm_ch_mask
                0x030014d4                mm_vblank_function
                0x030014d8                mmInitialized
                0x030014dc                mp_solution
 .bss           0x030014e0      0x148 C:/devkitPro/libgba/lib\libmm.a(mm_mas.o)
                0x030014e0                mmLayerMain
                0x03001518                mmLayerSub
                0x03001550                mpp_vars
                0x03001560                mpp_layerp
                0x03001564                mpp_channels
                0x03001574                mpp_nchannels
                0x03001575                mpp_clayer
                0x03001578                mm_achannels
                0x0300157c                mm_pchannels
                0x03001580                mm_num_mch
                0x03001584                mm_num_ach
                0x03001588                mm_schannels
 .bss           0x03001628      0x420 C:/devkitPro/libgba/lib\libmm.a(mm_init_default.o)
 .bss           0x03001a48      0x1bc C:/devkitPro/libgba/lib\libmm.a(mm_mixer_gba.o)
                0x03001a48                mp_writepos
                0x03001a50                mm_mixchannels
                0x03001a58                mm_mixlen
                0x03001a6c                mm_bpmdv
                0x03001a70                mp_mix_seg
 .bss           0x03001c04       0x2d C:/devkitPro/libgba/lib\libmm.a(mm_effect.o)
                0x03001c28                mm_sfx_bitmask
                0x03001c2c                mm_sfx_clearmask
 *fill*         0x03001c31        0x3 
 .bss.__malloc_current_mallinfo
                0x03001c34       0x28 c:/devkitpro/devkitarm/bin/../lib/gcc/arm-none-eabi/7.1.0/../../../../arm-none-eabi/lib/thumb\libg.a(lib_a-mallocr.o)
                0x03001c34                __malloc_current_mallinfo
 .bss.__malloc_max_sbrked_mem
                0x03001c5c        0x4 c:/devkitpro/devkitarm/bin/../lib/gcc/arm-none-eabi/7.1.0/../../../../arm-none-eabi/lib/thumb\libg.a(lib_a-mallocr.o)
                0x03001c5c                __malloc_max_sbrked_mem
 .bss.__malloc_max_total_mem
                0x03001c60        0x4 c:/devkitpro/devkitarm/bin/../lib/gcc/arm-none-eabi/7.1.0/../../../../arm-none-eabi/lib/thumb\libg.a(lib_a-mallocr.o)
                0x03001c60                __malloc_max_total_mem
 .bss.__malloc_top_pad
                0x03001c64        0x4 c:/devkitpro/devkitarm/bin/../lib/gcc/arm-none-eabi/7.1.0/../../../../arm-none-eabi/lib/thumb\libg.a(lib_a-mallocr.o)
                0x03001c64                __malloc_top_pad
 .bss.heap_start.5814
                0x03001c68        0x4 c:/devkitpro/devkitarm/bin/../lib/gcc/arm-none-eabi/7.1.0/../../../../arm-none-eabi/lib/thumb\libsysbase.a(sbrk.o)
 .bss.fake_heap_end
                0x03001c6c        0x4 c:/devkitpro/devkitarm/bin/../lib/gcc/arm-none-eabi/7.1.0/../../../../arm-none-eabi/lib/thumb\libsysbase.a(malloc_vars.o)
                0x03001c6c                fake_heap_end
 .bss.fake_heap_start
                0x03001c70        0x4 c:/devkitpro/devkitarm/bin/../lib/gcc/arm-none-eabi/7.1.0/../../../../arm-none-eabi/lib/thumb\libsysbase.a(malloc_vars.o)
                0x03001c70                fake_heap_start
 .bss.__syscalls
                0x03001c74       0x38 c:/devkitpro/devkitarm/bin/../lib/gcc/arm-none-eabi/7.1.0/../../../../arm-none-eabi/lib/thumb\libsysbase.a(syscall_support.o)
                0x03001c74                __syscalls
 *(COMMON)
 COMMON         0x03001cac       0x78 C:/devkitPro/libgba/lib\libgba.a(interrupt.o)
                0x03001cac                IntrTable
                0x03001d24                . = ALIGN (0x4)
                0x03001d24                __bss_end__ = ABSOLUTE (.)

.data           0x03001d24      0x8dc load address 0x0801b768
                0x03001d24                __data_start__ = ABSOLUTE (.)
 *(.data)
 .data          0x03001d24       0x58 main.o
                0x03001d24                myScreenBase12
                0x03001d28                myScreenBase13
                0x03001d2c                myOAM
                0x03001d30                myScreenBase4
                0x03001d34                myScreenBase5
                0x03001d38                myScreenBase7
                0x03001d3c                myScreenBase6
                0x03001d40                myScreenBase9
                0x03001d44                myScreenBase11
                0x03001d48                myScreenBase8
                0x03001d4c                myScreenBase10
                0x03001d50                myScreenBase15
                0x03001d54                myScreenBase14
                0x03001d58                myObjCharBase
                0x03001d5c                myBgCharBase
                0x03001d60                myDispcnt
                0x03001d64                myBgPalette
                0x03001d68                myObjPalette
                0x03001d6c                myBg0
                0x03001d70                myBg1
                0x03001d74                myBg2
                0x03001d78                myBg3
 .data          0x03001d7c        0x3 C:/devkitPro/libgba/lib\libgba.a(input.o)
 *(.data.*)
 *fill*         0x03001d7f        0x1 ff
 .data.__malloc_av_
                0x03001d80      0x408 c:/devkitpro/devkitarm/bin/../lib/gcc/arm-none-eabi/7.1.0/../../../../arm-none-eabi/lib/thumb\libg.a(lib_a-mallocr.o)
                0x03001d80                __malloc_av_
 .data.__malloc_sbrk_base
                0x03002188        0x4 c:/devkitpro/devkitarm/bin/../lib/gcc/arm-none-eabi/7.1.0/../../../../arm-none-eabi/lib/thumb\libg.a(lib_a-mallocr.o)
                0x03002188                __malloc_sbrk_base
 .data.__malloc_trim_threshold
                0x0300218c        0x4 c:/devkitpro/devkitarm/bin/../lib/gcc/arm-none-eabi/7.1.0/../../../../arm-none-eabi/lib/thumb\libg.a(lib_a-mallocr.o)
                0x0300218c                __malloc_trim_threshold
 .data.__malloc_lock_object
                0x03002190        0xc c:/devkitpro/devkitarm/bin/../lib/gcc/arm-none-eabi/7.1.0/../../../../arm-none-eabi/lib/thumb\libg.a(lib_a-mlock.o)
 .data._impure_ptr
                0x0300219c        0x4 c:/devkitpro/devkitarm/bin/../lib/gcc/arm-none-eabi/7.1.0/../../../../arm-none-eabi/lib/thumb\libg.a(lib_a-impure.o)
                0x0300219c                _impure_ptr
 .data.impure_data
                0x030021a0      0x460 c:/devkitpro/devkitarm/bin/../lib/gcc/arm-none-eabi/7.1.0/../../../../arm-none-eabi/lib/thumb\libg.a(lib_a-impure.o)
 *(.gnu.linkonce.d*)
                0x03002600                . = ALIGN (0x4)
                0x0801c044                __preinit_lma = (__data_lma + SIZEOF (.data))

.igot.plt       0x03002600        0x0 load address 0x0801c044
 .igot.plt      0x03002600        0x0 c:/devkitpro/devkitarm/bin/../lib/gcc/arm-none-eabi/7.1.0/../../../../arm-none-eabi/lib/thumb/gba_crt0.o

.tm_clone_table
                0x03002600        0x0 load address 0x0801c044
 .tm_clone_table
                0x03002600        0x0 c:/devkitpro/devkitarm/bin/../lib/gcc/arm-none-eabi/7.1.0/thumb/crtbegin.o
 .tm_clone_table
                0x03002600        0x0 c:/devkitpro/devkitarm/bin/../lib/gcc/arm-none-eabi/7.1.0/thumb/crtend.o

.preinit_array  0x03002600        0x0 load address 0x0801c044
                0x03002600                __preinit_array_start = ABSOLUTE (.)
 *(.preinit_array)
                0x03002600                __preinit_array_end = ABSOLUTE (.)
                0x0801c044                __init_lma = (__preinit_lma + SIZEOF (.preinit_array))

.init_array     0x03002600        0x4 load address 0x0801c044
                0x03002600                __init_array_start = ABSOLUTE (.)
 *(SORT(.init_array.*))
 *(.init_array)
 .init_array    0x03002600        0x4 c:/devkitpro/devkitarm/bin/../lib/gcc/arm-none-eabi/7.1.0/thumb/crtbegin.o
                0x03002604                __init_array_end = ABSOLUTE (.)
                0x0801c048                __fini_lma = (__init_lma + SIZEOF (.init_array))

.fini_array     0x03002604        0x4 load address 0x0801c048
                0x03002604                __fini_array_start = ABSOLUTE (.)
 *(SORT(.fini_array.*))
 *(.fini_array)
 .fini_array    0x03002604        0x4 c:/devkitpro/devkitarm/bin/../lib/gcc/arm-none-eabi/7.1.0/thumb/crtbegin.o
                0x03002608                __fini_array_end = ABSOLUTE (.)
                0x0801c04c                __jcr_lma = (__fini_lma + SIZEOF (.fini_array))

.jcr            0x03002608        0x0 load address 0x0801c04c
 *(.jcr)
                0x03002608                __data_end__ = ABSOLUTE (.)
                0x0801c04c                __iwram_overlay_lma = (__jcr_lma + SIZEOF (.jcr))
                0x03002608                __iwram_overlay_start = .

.iwram0         0x03002608        0x0 load address 0x0801c04c
 *(.iwram0)
                0x03002608                . = ALIGN (0x4)
                0x0801c04c                PROVIDE (__load_start_iwram0, LOADADDR (.iwram0))
                0x0801c04c                PROVIDE (__load_stop_iwram0, (LOADADDR (.iwram0) + SIZEOF (.iwram0)))

.iwram1         0x03002608        0x0
 *(.iwram1)
                0x03002608                . = ALIGN (0x4)
                [!provide]                PROVIDE (__load_start_iwram1, LOADADDR (.iwram1))
                [!provide]                PROVIDE (__load_stop_iwram1, (LOADADDR (.iwram1) + SIZEOF (.iwram1)))

.iwram2         0x03002608        0x0
 *(.iwram2)
                0x03002608                . = ALIGN (0x4)
                [!provide]                PROVIDE (__load_start_iwram2, LOADADDR (.iwram2))
                [!provide]                PROVIDE (__load_stop_iwram2, (LOADADDR (.iwram2) + SIZEOF (.iwram2)))

.iwram3         0x03002608        0x0
 *(.iwram3)
                0x03002608                . = ALIGN (0x4)
                [!provide]                PROVIDE (__load_start_iwram3, LOADADDR (.iwram3))
                [!provide]                PROVIDE (__load_stop_iwram3, (LOADADDR (.iwram3) + SIZEOF (.iwram3)))

.iwram4         0x03002608        0x0
 *(.iwram4)
                0x03002608                . = ALIGN (0x4)
                [!provide]                PROVIDE (__load_start_iwram4, LOADADDR (.iwram4))
                [!provide]                PROVIDE (__load_stop_iwram4, (LOADADDR (.iwram4) + SIZEOF (.iwram4)))

.iwram5         0x03002608        0x0
 *(.iwram5)
                0x03002608                . = ALIGN (0x4)
                [!provide]                PROVIDE (__load_start_iwram5, LOADADDR (.iwram5))
                [!provide]                PROVIDE (__load_stop_iwram5, (LOADADDR (.iwram5) + SIZEOF (.iwram5)))

.iwram6         0x03002608        0x0
 *(.iwram6)
                0x03002608                . = ALIGN (0x4)
                [!provide]                PROVIDE (__load_start_iwram6, LOADADDR (.iwram6))
                [!provide]                PROVIDE (__load_stop_iwram6, (LOADADDR (.iwram6) + SIZEOF (.iwram6)))

.iwram7         0x03002608        0x0
 *(.iwram7)
                0x03002608                . = ALIGN (0x4)
                [!provide]                PROVIDE (__load_start_iwram7, LOADADDR (.iwram7))
                [!provide]                PROVIDE (__load_stop_iwram7, (LOADADDR (.iwram7) + SIZEOF (.iwram7)))

.iwram8         0x03002608        0x0
 *(.iwram8)
                0x03002608                . = ALIGN (0x4)
                [!provide]                PROVIDE (__load_start_iwram8, LOADADDR (.iwram8))
                [!provide]                PROVIDE (__load_stop_iwram8, (LOADADDR (.iwram8) + SIZEOF (.iwram8)))

.iwram9         0x03002608        0x0
 *(.iwram9)
                0x03002608                . = ALIGN (0x4)
                [!provide]                PROVIDE (__load_start_iwram9, LOADADDR (.iwram9))
                [!provide]                PROVIDE (__load_stop_iwram9, (LOADADDR (.iwram9) + SIZEOF (.iwram9)))
                0x03002608                __iwram_overlay_end = .
                0x0801c04c                __ewram_lma = (__iwram_overlay_lma + (__iwram_overlay_end - __iwram_overlay_start))
                0x03002608                __iheap_start = .
                0x02000000                __ewram_start = ORIGIN (ewram)

.ewram          0x02000000        0x0 load address 0x0801c04c
 *(.ewram)
                0x02000000                . = ALIGN (0x4)
                0x02000000                __ewram_end = ABSOLUTE (.)
                0x0801c04c                __pad_lma = (__ewram_lma + SIZEOF (.ewram))

.sbss           0x02000000        0x0
                0x02000000                __sbss_start__ = ABSOLUTE (.)
 *(.sbss)
                0x02000000                . = ALIGN (0x4)
                0x02000000                __sbss_end__ = ABSOLUTE (.)
                0x02000000                __end__ = ABSOLUTE (.)
                0x02000000                __eheap_start = ABSOLUTE (.)

.pad            0x02000000        0x8 load address 0x0801c04c
                0x02000000        0x4 LONG 0x52416b64
                0x02000004        0x4 LONG 0x4d
                0x02000008                . = ALIGN (0x4)
                0x0801c054                __rom_end__ = (__pad_lma + SIZEOF (.pad))

.stab
 *(.stab)

.stabstr
 *(.stabstr)

.stab.excl
 *(.stab.excl)

.stab.exclstr
 *(.stab.exclstr)

.stab.index
 *(.stab.index)

.stab.indexstr
 *(.stab.indexstr)

.comment        0x00000000       0x44
 *(.comment)
 .comment       0x00000000       0x22 c:/devkitpro/devkitarm/bin/../lib/gcc/arm-none-eabi/7.1.0/thumb/crtbegin.o
                                 0x23 (size before relaxing)
 .comment       0x00000022       0x23 main.o
 .comment       0x00000022       0x23 ObjCharData.o
 .comment       0x00000022       0x23 CharBase1Data.o
 .comment       0x00000022       0x22 C:/devkitPro/libgba/lib\libgba.a(input.o)
                                 0x23 (size before relaxing)
 .comment       0x00000044       0x23 C:/devkitPro/libgba/lib\libgba.a(interrupt.o)
 .comment       0x00000044       0x23 c:/devkitpro/devkitarm/bin/../lib/gcc/arm-none-eabi/7.1.0/../../../../arm-none-eabi/lib/thumb\libm.a(lib_a-s_cos.o)
 .comment       0x00000044       0x23 c:/devkitpro/devkitarm/bin/../lib/gcc/arm-none-eabi/7.1.0/../../../../arm-none-eabi/lib/thumb\libm.a(lib_a-s_round.o)
 .comment       0x00000044       0x23 c:/devkitpro/devkitarm/bin/../lib/gcc/arm-none-eabi/7.1.0/../../../../arm-none-eabi/lib/thumb\libm.a(lib_a-s_sin.o)
 .comment       0x00000044       0x23 c:/devkitpro/devkitarm/bin/../lib/gcc/arm-none-eabi/7.1.0/../../../../arm-none-eabi/lib/thumb\libm.a(lib_a-e_rem_pio2.o)
 .comment       0x00000044       0x23 c:/devkitpro/devkitarm/bin/../lib/gcc/arm-none-eabi/7.1.0/../../../../arm-none-eabi/lib/thumb\libm.a(lib_a-k_cos.o)
 .comment       0x00000044       0x23 c:/devkitpro/devkitarm/bin/../lib/gcc/arm-none-eabi/7.1.0/../../../../arm-none-eabi/lib/thumb\libm.a(lib_a-k_rem_pio2.o)
 .comment       0x00000044       0x23 c:/devkitpro/devkitarm/bin/../lib/gcc/arm-none-eabi/7.1.0/../../../../arm-none-eabi/lib/thumb\libm.a(lib_a-k_sin.o)
 .comment       0x00000044       0x23 c:/devkitpro/devkitarm/bin/../lib/gcc/arm-none-eabi/7.1.0/../../../../arm-none-eabi/lib/thumb\libm.a(lib_a-s_fabs.o)
 .comment       0x00000044       0x23 c:/devkitpro/devkitarm/bin/../lib/gcc/arm-none-eabi/7.1.0/../../../../arm-none-eabi/lib/thumb\libm.a(lib_a-s_floor.o)
 .comment       0x00000044       0x23 c:/devkitpro/devkitarm/bin/../lib/gcc/arm-none-eabi/7.1.0/../../../../arm-none-eabi/lib/thumb\libm.a(lib_a-s_scalbn.o)
 .comment       0x00000044       0x23 c:/devkitpro/devkitarm/bin/../lib/gcc/arm-none-eabi/7.1.0/../../../../arm-none-eabi/lib/thumb\libm.a(lib_a-s_copysign.o)
 .comment       0x00000044       0x23 c:/devkitpro/devkitarm/bin/../lib/gcc/arm-none-eabi/7.1.0/../../../../arm-none-eabi/lib/thumb\libg.a(lib_a-init.o)
 .comment       0x00000044       0x23 c:/devkitpro/devkitarm/bin/../lib/gcc/arm-none-eabi/7.1.0/../../../../arm-none-eabi/lib/thumb\libg.a(lib_a-malloc.o)
 .comment       0x00000044       0x23 c:/devkitpro/devkitarm/bin/../lib/gcc/arm-none-eabi/7.1.0/../../../../arm-none-eabi/lib/thumb\libg.a(lib_a-mallocr.o)
 .comment       0x00000044       0x23 c:/devkitpro/devkitarm/bin/../lib/gcc/arm-none-eabi/7.1.0/../../../../arm-none-eabi/lib/thumb\libg.a(lib_a-memcpy-stub.o)
 .comment       0x00000044       0x23 c:/devkitpro/devkitarm/bin/../lib/gcc/arm-none-eabi/7.1.0/../../../../arm-none-eabi/lib/thumb\libg.a(lib_a-memset.o)
 .comment       0x00000044       0x23 c:/devkitpro/devkitarm/bin/../lib/gcc/arm-none-eabi/7.1.0/../../../../arm-none-eabi/lib/thumb\libg.a(lib_a-mlock.o)
 .comment       0x00000044       0x23 c:/devkitpro/devkitarm/bin/../lib/gcc/arm-none-eabi/7.1.0/../../../../arm-none-eabi/lib/thumb\libg.a(lib_a-freer.o)
 .comment       0x00000044       0x23 c:/devkitpro/devkitarm/bin/../lib/gcc/arm-none-eabi/7.1.0/../../../../arm-none-eabi/lib/thumb\libsysbase.a(sbrk.o)
 .comment       0x00000044       0x23 c:/devkitpro/devkitarm/bin/../lib/gcc/arm-none-eabi/7.1.0/../../../../arm-none-eabi/lib/thumb\libsysbase.a(malloc_vars.o)
 .comment       0x00000044       0x23 c:/devkitpro/devkitarm/bin/../lib/gcc/arm-none-eabi/7.1.0/../../../../arm-none-eabi/lib/thumb\libsysbase.a(syscall_support.o)
 .comment       0x00000044       0x23 c:/devkitpro/devkitarm/bin/../lib/gcc/arm-none-eabi/7.1.0/../../../../arm-none-eabi/lib/thumb\libsysbase.a(getreent.o)
 .comment       0x00000044       0x23 c:/devkitpro/devkitarm/bin/../lib/gcc/arm-none-eabi/7.1.0/../../../../arm-none-eabi/lib/thumb\libg.a(lib_a-impure.o)
 .comment       0x00000044       0x23 c:/devkitpro/devkitarm/bin/../lib/gcc/arm-none-eabi/7.1.0/thumb/crtend.o

.debug
 *(.debug)

.line
 *(.line)

.debug_srcinfo
 *(.debug_srcinfo)

.debug_sfnames
 *(.debug_sfnames)

.debug_aranges  0x00000000       0xb8
 *(.debug_aranges)
 .debug_aranges
                0x00000000       0x28 main.o
 .debug_aranges
                0x00000028       0x18 ObjCharData.o
 .debug_aranges
                0x00000040       0x18 CharBase1Data.o
 .debug_aranges
                0x00000058       0x20 C:/devkitPro/libgba/lib\libgba.a(input.o)
 .debug_aranges
                0x00000078       0x20 C:/devkitPro/libgba/lib\libgba.a(interrupt.o)
 .debug_aranges
                0x00000098       0x20 C:/devkitPro/libgba/lib\libgba.a(InterruptDispatcher.o)

.debug_pubnames
 *(.debug_pubnames)

.debug_info     0x00000000     0x49de
 *(.debug_info)
 .debug_info    0x00000000     0x42c2 main.o
 .debug_info    0x000042c2       0x51 ObjCharData.o
 .debug_info    0x00004313       0x51 CharBase1Data.o
 .debug_info    0x00004364      0x234 C:/devkitPro/libgba/lib\libgba.a(input.o)
 .debug_info    0x00004598      0x3a6 C:/devkitPro/libgba/lib\libgba.a(interrupt.o)
 .debug_info    0x0000493e       0xa0 C:/devkitPro/libgba/lib\libgba.a(InterruptDispatcher.o)

.debug_abbrev   0x00000000      0x9ca
 *(.debug_abbrev)
 .debug_abbrev  0x00000000      0x645 main.o
 .debug_abbrev  0x00000645       0x45 ObjCharData.o
 .debug_abbrev  0x0000068a       0x45 CharBase1Data.o
 .debug_abbrev  0x000006cf      0x118 C:/devkitPro/libgba/lib\libgba.a(input.o)
 .debug_abbrev  0x000007e7      0x1cf C:/devkitPro/libgba/lib\libgba.a(interrupt.o)
 .debug_abbrev  0x000009b6       0x14 C:/devkitPro/libgba/lib\libgba.a(InterruptDispatcher.o)

.debug_line     0x00000000     0x19a2
 *(.debug_line)
 .debug_line    0x00000000     0x14c6 main.o
 .debug_line    0x000014c6       0x61 ObjCharData.o
 .debug_line    0x00001527       0x63 CharBase1Data.o
 .debug_line    0x0000158a      0x187 C:/devkitPro/libgba/lib\libgba.a(input.o)
 .debug_line    0x00001711      0x1ec C:/devkitPro/libgba/lib\libgba.a(interrupt.o)
 .debug_line    0x000018fd       0xa5 C:/devkitPro/libgba/lib\libgba.a(InterruptDispatcher.o)

.debug_frame    0x00000000      0x634
 *(.debug_frame)
 .debug_frame   0x00000000      0x504 main.o
 .debug_frame   0x00000504       0x80 C:/devkitPro/libgba/lib\libgba.a(input.o)
 .debug_frame   0x00000584       0xb0 C:/devkitPro/libgba/lib\libgba.a(interrupt.o)

.debug_str      0x00000000     0x114c
 *(.debug_str)
 .debug_str     0x00000000      0xeff main.o
                                0xfb2 (size before relaxing)
 .debug_str     0x00000eff       0x41 ObjCharData.o
                                 0xfb (size before relaxing)
 .debug_str     0x00000f40       0x43 CharBase1Data.o
                                 0xff (size before relaxing)
 .debug_str     0x00000f83       0xd5 C:/devkitPro/libgba/lib\libgba.a(input.o)
                                0x1b1 (size before relaxing)
 .debug_str     0x00001058       0xf4 C:/devkitPro/libgba/lib\libgba.a(interrupt.o)
                                0x2af (size before relaxing)

.debug_loc      0x00000000     0x499b
 *(.debug_loc)
 .debug_loc     0x00000000     0x45ce main.o
 .debug_loc     0x000045ce       0x27 C:/devkitPro/libgba/lib\libgba.a(input.o)
 .debug_loc     0x000045f5      0x3a6 C:/devkitPro/libgba/lib\libgba.a(interrupt.o)

.debug_macinfo
 *(.debug_macinfo)

.debug_weaknames
 *(.debug_weaknames)

.debug_funcnames
 *(.debug_funcnames)

.debug_typenames
 *(.debug_typenames)

.debug_varnames
 *(.debug_varnames)

.stack          0x00080000        0x0
                0x00080000                _stack = .
 *(.stack)

.note.gnu.arm.ident
 *(.note.gnu.arm.ident)

.ARM.attributes
                0x00000000       0x2c
 *(.ARM.attributes)
 .ARM.attributes
                0x00000000       0x20 c:/devkitpro/devkitarm/bin/../lib/gcc/arm-none-eabi/7.1.0/../../../../arm-none-eabi/lib/thumb/gba_crt0.o
 .ARM.attributes
                0x00000020       0x16 c:/devkitpro/devkitarm/bin/../lib/gcc/arm-none-eabi/7.1.0/thumb/crti.o
 .ARM.attributes
                0x00000036       0x30 c:/devkitpro/devkitarm/bin/../lib/gcc/arm-none-eabi/7.1.0/thumb/crtbegin.o
 .ARM.attributes
                0x00000066       0x14 soundbank.o
 .ARM.attributes
                0x0000007a       0x2c main.o
 .ARM.attributes
                0x000000a6       0x2c ObjCharData.o
 .ARM.attributes
                0x000000d2       0x2c CharBase1Data.o
 .ARM.attributes
                0x000000fe       0x14 assembly.o
 .ARM.attributes
                0x00000112       0x30 C:/devkitPro/libgba/lib\libgba.a(input.o)
 .ARM.attributes
                0x00000142       0x30 C:/devkitPro/libgba/lib\libgba.a(interrupt.o)
 .ARM.attributes
                0x00000172       0x16 C:/devkitPro/libgba/lib\libgba.a(InterruptDispatcher.o)
 .ARM.attributes
                0x00000188       0x1a C:/devkitPro/libgba/lib\libmm.a(mm_main.o)
 .ARM.attributes
                0x000001a2       0x1a C:/devkitPro/libgba/lib\libmm.a(mm_mas.o)
 .ARM.attributes
                0x000001bc       0x1a C:/devkitPro/libgba/lib\libmm.a(mm_init_default.o)
 .ARM.attributes
                0x000001d6       0x1a C:/devkitPro/libgba/lib\libmm.a(mm_mixer_gba.o)
 .ARM.attributes
                0x000001f0       0x1a C:/devkitPro/libgba/lib\libmm.a(mm_mas_arm.o)
 .ARM.attributes
                0x0000020a       0x1a C:/devkitPro/libgba/lib\libmm.a(mm_effect.o)
 .ARM.attributes
                0x00000224       0x30 c:/devkitpro/devkitarm/bin/../lib/gcc/arm-none-eabi/7.1.0/../../../../arm-none-eabi/lib/thumb\libm.a(lib_a-s_cos.o)
 .ARM.attributes
                0x00000254       0x30 c:/devkitpro/devkitarm/bin/../lib/gcc/arm-none-eabi/7.1.0/../../../../arm-none-eabi/lib/thumb\libm.a(lib_a-s_round.o)
 .ARM.attributes
                0x00000284       0x30 c:/devkitpro/devkitarm/bin/../lib/gcc/arm-none-eabi/7.1.0/../../../../arm-none-eabi/lib/thumb\libm.a(lib_a-s_sin.o)
 .ARM.attributes
                0x000002b4       0x30 c:/devkitpro/devkitarm/bin/../lib/gcc/arm-none-eabi/7.1.0/../../../../arm-none-eabi/lib/thumb\libm.a(lib_a-e_rem_pio2.o)
 .ARM.attributes
                0x000002e4       0x30 c:/devkitpro/devkitarm/bin/../lib/gcc/arm-none-eabi/7.1.0/../../../../arm-none-eabi/lib/thumb\libm.a(lib_a-k_cos.o)
 .ARM.attributes
                0x00000314       0x30 c:/devkitpro/devkitarm/bin/../lib/gcc/arm-none-eabi/7.1.0/../../../../arm-none-eabi/lib/thumb\libm.a(lib_a-k_rem_pio2.o)
 .ARM.attributes
                0x00000344       0x30 c:/devkitpro/devkitarm/bin/../lib/gcc/arm-none-eabi/7.1.0/../../../../arm-none-eabi/lib/thumb\libm.a(lib_a-k_sin.o)
 .ARM.attributes
                0x00000374       0x30 c:/devkitpro/devkitarm/bin/../lib/gcc/arm-none-eabi/7.1.0/../../../../arm-none-eabi/lib/thumb\libm.a(lib_a-s_fabs.o)
 .ARM.attributes
                0x000003a4       0x30 c:/devkitpro/devkitarm/bin/../lib/gcc/arm-none-eabi/7.1.0/../../../../arm-none-eabi/lib/thumb\libm.a(lib_a-s_floor.o)
 .ARM.attributes
                0x000003d4       0x30 c:/devkitpro/devkitarm/bin/../lib/gcc/arm-none-eabi/7.1.0/../../../../arm-none-eabi/lib/thumb\libm.a(lib_a-s_scalbn.o)
 .ARM.attributes
                0x00000404       0x30 c:/devkitpro/devkitarm/bin/../lib/gcc/arm-none-eabi/7.1.0/../../../../arm-none-eabi/lib/thumb\libm.a(lib_a-s_copysign.o)
 .ARM.attributes
                0x00000434       0x18 c:/devkitpro/devkitarm/bin/../lib/gcc/arm-none-eabi/7.1.0/thumb\libgcc.a(_udivsi3.o)
 .ARM.attributes
                0x0000044c       0x18 c:/devkitpro/devkitarm/bin/../lib/gcc/arm-none-eabi/7.1.0/thumb\libgcc.a(_divsi3.o)
 .ARM.attributes
                0x00000464       0x16 c:/devkitpro/devkitarm/bin/../lib/gcc/arm-none-eabi/7.1.0/thumb\libgcc.a(_dvmd_tls.o)
 .ARM.attributes
                0x0000047a       0x16 c:/devkitpro/devkitarm/bin/../lib/gcc/arm-none-eabi/7.1.0/thumb\libgcc.a(_call_via_rX.o)
 .ARM.attributes
                0x00000490       0x18 c:/devkitpro/devkitarm/bin/../lib/gcc/arm-none-eabi/7.1.0/thumb\libgcc.a(_arm_addsubdf3.o)
 .ARM.attributes
                0x000004a8       0x18 c:/devkitpro/devkitarm/bin/../lib/gcc/arm-none-eabi/7.1.0/thumb\libgcc.a(_arm_muldivdf3.o)
 .ARM.attributes
                0x000004c0       0x18 c:/devkitpro/devkitarm/bin/../lib/gcc/arm-none-eabi/7.1.0/thumb\libgcc.a(_arm_cmpdf2.o)
 .ARM.attributes
                0x000004d8       0x18 c:/devkitpro/devkitarm/bin/../lib/gcc/arm-none-eabi/7.1.0/thumb\libgcc.a(_arm_fixdfsi.o)
 .ARM.attributes
                0x000004f0       0x18 c:/devkitpro/devkitarm/bin/../lib/gcc/arm-none-eabi/7.1.0/thumb\libgcc.a(_arm_addsubsf3.o)
 .ARM.attributes
                0x00000508       0x18 c:/devkitpro/devkitarm/bin/../lib/gcc/arm-none-eabi/7.1.0/thumb\libgcc.a(_arm_muldivsf3.o)
 .ARM.attributes
                0x00000520       0x18 c:/devkitpro/devkitarm/bin/../lib/gcc/arm-none-eabi/7.1.0/thumb\libgcc.a(_arm_cmpsf2.o)
 .ARM.attributes
                0x00000538       0x18 c:/devkitpro/devkitarm/bin/../lib/gcc/arm-none-eabi/7.1.0/thumb\libgcc.a(_arm_fixsfsi.o)
 .ARM.attributes
                0x00000550       0x30 c:/devkitpro/devkitarm/bin/../lib/gcc/arm-none-eabi/7.1.0/../../../../arm-none-eabi/lib/thumb\libg.a(lib_a-init.o)
 .ARM.attributes
                0x00000580       0x30 c:/devkitpro/devkitarm/bin/../lib/gcc/arm-none-eabi/7.1.0/../../../../arm-none-eabi/lib/thumb\libg.a(lib_a-malloc.o)
 .ARM.attributes
                0x000005b0       0x30 c:/devkitpro/devkitarm/bin/../lib/gcc/arm-none-eabi/7.1.0/../../../../arm-none-eabi/lib/thumb\libg.a(lib_a-mallocr.o)
 .ARM.attributes
                0x000005e0       0x30 c:/devkitpro/devkitarm/bin/../lib/gcc/arm-none-eabi/7.1.0/../../../../arm-none-eabi/lib/thumb\libg.a(lib_a-memcpy-stub.o)
 .ARM.attributes
                0x00000610       0x30 c:/devkitpro/devkitarm/bin/../lib/gcc/arm-none-eabi/7.1.0/../../../../arm-none-eabi/lib/thumb\libg.a(lib_a-memset.o)
 .ARM.attributes
                0x00000640       0x30 c:/devkitpro/devkitarm/bin/../lib/gcc/arm-none-eabi/7.1.0/../../../../arm-none-eabi/lib/thumb\libg.a(lib_a-mlock.o)
 .ARM.attributes
                0x00000670       0x30 c:/devkitpro/devkitarm/bin/../lib/gcc/arm-none-eabi/7.1.0/../../../../arm-none-eabi/lib/thumb\libg.a(lib_a-freer.o)
 .ARM.attributes
                0x000006a0       0x30 c:/devkitpro/devkitarm/bin/../lib/gcc/arm-none-eabi/7.1.0/../../../../arm-none-eabi/lib/thumb\libsysbase.a(sbrk.o)
 .ARM.attributes
                0x000006d0       0x30 c:/devkitpro/devkitarm/bin/../lib/gcc/arm-none-eabi/7.1.0/../../../../arm-none-eabi/lib/thumb\libsysbase.a(malloc_vars.o)
 .ARM.attributes
                0x00000700       0x30 c:/devkitpro/devkitarm/bin/../lib/gcc/arm-none-eabi/7.1.0/../../../../arm-none-eabi/lib/thumb\libsysbase.a(syscall_support.o)
 .ARM.attributes
                0x00000730       0x30 c:/devkitpro/devkitarm/bin/../lib/gcc/arm-none-eabi/7.1.0/../../../../arm-none-eabi/lib/thumb\libsysbase.a(getreent.o)
 .ARM.attributes
                0x00000760       0x30 c:/devkitpro/devkitarm/bin/../lib/gcc/arm-none-eabi/7.1.0/../../../../arm-none-eabi/lib/thumb\libg.a(lib_a-impure.o)
 .ARM.attributes
                0x00000790       0x30 c:/devkitpro/devkitarm/bin/../lib/gcc/arm-none-eabi/7.1.0/thumb/crtend.o
 .ARM.attributes
                0x000007c0       0x16 c:/devkitpro/devkitarm/bin/../lib/gcc/arm-none-eabi/7.1.0/thumb/crtn.o

/DISCARD/
 *(.note.GNU-stack)
LOAD c:/devkitpro/devkitarm/bin/../lib/gcc/arm-none-eabi/7.1.0/../../../../arm-none-eabi/lib/thumb/gba_crt0.o
LOAD c:/devkitpro/devkitarm/bin/../lib/gcc/arm-none-eabi/7.1.0/thumb/crti.o
LOAD c:/devkitpro/devkitarm/bin/../lib/gcc/arm-none-eabi/7.1.0/thumb/crtbegin.o
LOAD soundbank.o
LOAD main.o
LOAD ObjCharData.o
LOAD CharBase1Data.o
LOAD assembly.o
LOAD C:/devkitPro/libgba/lib\libgba.a
LOAD C:/devkitPro/libgba/lib\libmm.a
LOAD c:/devkitpro/devkitarm/bin/../lib/gcc/arm-none-eabi/7.1.0/../../../../arm-none-eabi/lib/thumb\libm.a
START GROUP
LOAD c:/devkitpro/devkitarm/bin/../lib/gcc/arm-none-eabi/7.1.0/thumb\libgcc.a
LOAD c:/devkitpro/devkitarm/bin/../lib/gcc/arm-none-eabi/7.1.0/../../../../arm-none-eabi/lib/thumb\libg.a
LOAD c:/devkitpro/devkitarm/bin/../lib/gcc/arm-none-eabi/7.1.0/../../../../arm-none-eabi/lib/thumb\libc.a
LOAD c:/devkitpro/devkitarm/bin/../lib/gcc/arm-none-eabi/7.1.0/../../../../arm-none-eabi/lib/thumb\libsysbase.a
END GROUP
LOAD c:/devkitpro/devkitarm/bin/../lib/gcc/arm-none-eabi/7.1.0/thumb/crtend.o
LOAD c:/devkitpro/devkitarm/bin/../lib/gcc/arm-none-eabi/7.1.0/thumb/crtn.o
OUTPUT(C:/Users/javie/documents/ct5progc/gba/final/final.elf elf32-littlearm)

.debug_ranges   0x00000000      0xc70
 .debug_ranges  0x00000000      0xc28 main.o
 .debug_ranges  0x00000c28       0x48 C:/devkitPro/libgba/lib\libgba.a(interrupt.o)
